Archive member included to satisfy reference by file (symbol)

/Applications/MCUXpressoIDE_25.6.136/ide/plugins/com.nxp.mcuxpresso.tools.macosx_25.6.0.202501151204/tools/bin/../lib/gcc/arm-none-eabi/14.2.1/../../../../arm-none-eabi/lib/thumb/v6-m/nofp/libcr_nohost_nf.a(_cr__main.o)
                              ./startup/startup_mcxc444.o (__main)
/Applications/MCUXpressoIDE_25.6.136/ide/plugins/com.nxp.mcuxpresso.tools.macosx_25.6.0.202501151204/tools/bin/../lib/gcc/arm-none-eabi/14.2.1/../../../../arm-none-eabi/lib/thumb/v6-m/nofp/libcr_c.a(memcpy.o)
                              ./utilities/str/fsl_str.o (memcpy)
/Applications/MCUXpressoIDE_25.6.136/ide/plugins/com.nxp.mcuxpresso.tools.macosx_25.6.0.202501151204/tools/bin/../lib/gcc/arm-none-eabi/14.2.1/../../../../arm-none-eabi/lib/thumb/v6-m/nofp/libcr_c.a(memset.o)
                              ./utilities/debug_console/fsl_debug_console.o (memset)
/Applications/MCUXpressoIDE_25.6.136/ide/plugins/com.nxp.mcuxpresso.tools.macosx_25.6.0.202501151204/tools/bin/../lib/gcc/arm-none-eabi/14.2.1/../../../../arm-none-eabi/lib/thumb/v6-m/nofp/libcr_c.a(alloc.o)
                              ./drivers/fsl_common.o (malloc)
/Applications/MCUXpressoIDE_25.6.136/ide/plugins/com.nxp.mcuxpresso.tools.macosx_25.6.0.202501151204/tools/bin/../lib/gcc/arm-none-eabi/14.2.1/../../../../arm-none-eabi/lib/thumb/v6-m/nofp/libcr_c.a(errno.o)
                              ./utilities/str/fsl_str.o (errno)
/Applications/MCUXpressoIDE_25.6.136/ide/plugins/com.nxp.mcuxpresso.tools.macosx_25.6.0.202501151204/tools/bin/../lib/gcc/arm-none-eabi/14.2.1/../../../../arm-none-eabi/lib/thumb/v6-m/nofp/libcr_c.a(initio.o)
                              /Applications/MCUXpressoIDE_25.6.136/ide/plugins/com.nxp.mcuxpresso.tools.macosx_25.6.0.202501151204/tools/bin/../lib/gcc/arm-none-eabi/14.2.1/../../../../arm-none-eabi/lib/thumb/v6-m/nofp/libcr_nohost_nf.a(_cr__main.o) (_initio)
/Applications/MCUXpressoIDE_25.6.136/ide/plugins/com.nxp.mcuxpresso.tools.macosx_25.6.0.202501151204/tools/bin/../lib/gcc/arm-none-eabi/14.2.1/../../../../arm-none-eabi/lib/thumb/v6-m/nofp/libcr_c.a(scanf.o)
                              ./utilities/str/fsl_str.o (strtoul)
/Applications/MCUXpressoIDE_25.6.136/ide/plugins/com.nxp.mcuxpresso.tools.macosx_25.6.0.202501151204/tools/bin/../lib/gcc/arm-none-eabi/14.2.1/../../../../arm-none-eabi/lib/thumb/v6-m/nofp/libcr_c.a(setvbuf.o)
                              /Applications/MCUXpressoIDE_25.6.136/ide/plugins/com.nxp.mcuxpresso.tools.macosx_25.6.0.202501151204/tools/bin/../lib/gcc/arm-none-eabi/14.2.1/../../../../arm-none-eabi/lib/thumb/v6-m/nofp/libcr_c.a(initio.o) (setvbuf)
/Applications/MCUXpressoIDE_25.6.136/ide/plugins/com.nxp.mcuxpresso.tools.macosx_25.6.0.202501151204/tools/bin/../lib/gcc/arm-none-eabi/14.2.1/../../../../arm-none-eabi/lib/thumb/v6-m/nofp/libcr_c.a(strlen.o)
                              ./utilities/str/fsl_str.o (strlen)
/Applications/MCUXpressoIDE_25.6.136/ide/plugins/com.nxp.mcuxpresso.tools.macosx_25.6.0.202501151204/tools/bin/../lib/gcc/arm-none-eabi/14.2.1/../../../../arm-none-eabi/lib/thumb/v6-m/nofp/libcr_c.a(ungetc.o)
                              /Applications/MCUXpressoIDE_25.6.136/ide/plugins/com.nxp.mcuxpresso.tools.macosx_25.6.0.202501151204/tools/bin/../lib/gcc/arm-none-eabi/14.2.1/../../../../arm-none-eabi/lib/thumb/v6-m/nofp/libcr_c.a(scanf.o) (ungetc)
/Applications/MCUXpressoIDE_25.6.136/ide/plugins/com.nxp.mcuxpresso.tools.macosx_25.6.0.202501151204/tools/bin/../lib/gcc/arm-none-eabi/14.2.1/../../../../arm-none-eabi/lib/thumb/v6-m/nofp/libcr_c.a(__fillbuf.o)
                              /Applications/MCUXpressoIDE_25.6.136/ide/plugins/com.nxp.mcuxpresso.tools.macosx_25.6.0.202501151204/tools/bin/../lib/gcc/arm-none-eabi/14.2.1/../../../../arm-none-eabi/lib/thumb/v6-m/nofp/libcr_c.a(scanf.o) (__filbuf)
/Applications/MCUXpressoIDE_25.6.136/ide/plugins/com.nxp.mcuxpresso.tools.macosx_25.6.0.202501151204/tools/bin/../lib/gcc/arm-none-eabi/14.2.1/../../../../arm-none-eabi/lib/thumb/v6-m/nofp/libcr_c.a(__init_alloc.o)
                              /Applications/MCUXpressoIDE_25.6.136/ide/plugins/com.nxp.mcuxpresso.tools.macosx_25.6.0.202501151204/tools/bin/../lib/gcc/arm-none-eabi/14.2.1/../../../../arm-none-eabi/lib/thumb/v6-m/nofp/libcr_c.a(alloc.o) (__heaps)
/Applications/MCUXpressoIDE_25.6.136/ide/plugins/com.nxp.mcuxpresso.tools.macosx_25.6.0.202501151204/tools/bin/../lib/gcc/arm-none-eabi/14.2.1/../../../../arm-none-eabi/lib/thumb/v6-m/nofp/libcr_c.a(_cr_sbrk.o)
                              /Applications/MCUXpressoIDE_25.6.136/ide/plugins/com.nxp.mcuxpresso.tools.macosx_25.6.0.202501151204/tools/bin/../lib/gcc/arm-none-eabi/14.2.1/../../../../arm-none-eabi/lib/thumb/v6-m/nofp/libcr_c.a(alloc.o) (_sbrk)
/Applications/MCUXpressoIDE_25.6.136/ide/plugins/com.nxp.mcuxpresso.tools.macosx_25.6.0.202501151204/tools/bin/../lib/gcc/arm-none-eabi/14.2.1/../../../../arm-none-eabi/lib/thumb/v6-m/nofp/libcr_c.a(_deferredlazyseek.o)
[...]
Memory Configuration

Name             Origin             Length             Attributes
PROGRAM_FLASH    0x00000000         0x00040000         xr
SRAM             0x1fffe000         0x00008000         xrw
*default*        0x00000000         0xffffffff

Linker script and memory map

LOAD ./utilities/str/fsl_str.o
LOAD ./utilities/debug_console/fsl_debug_console.o
LOAD ./utilities/fsl_assert.o
LOAD ./startup/startup_mcxc444.o
LOAD ./source/main.o
LOAD ./source/mtb.o
LOAD ./source/semihost_hardfault.o
LOAD ./freertos/freertos-kernel/portable/MemMang/heap_4.o
LOAD ./freertos/freertos-kernel/portable/GCC/ARM_CM0/mpu_wrappers_v2_asm.o
LOAD ./freertos/freertos-kernel/portable/GCC/ARM_CM0/port.o
LOAD ./freertos/freertos-kernel/portable/GCC/ARM_CM0/portasm.o
LOAD ./freertos/freertos-kernel/portable/Common/mpu_wrappers.o
LOAD ./freertos/freertos-kernel/portable/Common/mpu_wrappers_v2.o
LOAD ./freertos/freertos-kernel/croutine.o
LOAD ./freertos/freertos-kernel/event_groups.o
LOAD ./freertos/freertos-kernel/list.o
LOAD ./freertos/freertos-kernel/queue.o
LOAD ./freertos/freertos-kernel/stream_buffer.o
LOAD ./freertos/freertos-kernel/tasks.o
LOAD ./freertos/freertos-kernel/timers.o
LOAD ./drivers/fsl_clock.o
LOAD ./drivers/fsl_common.o
LOAD ./drivers/fsl_common_arm.o
LOAD ./drivers/fsl_gpio.o
LOAD ./drivers/fsl_lpuart.o
LOAD ./drivers/fsl_smc.o
LOAD ./device/system_MCXC444.o
LOAD ./component/uart/fsl_adapter_lpuart.o
LOAD ./component/serial_manager/fsl_component_serial_manager.o
LOAD ./component/serial_manager/fsl_component_serial_port_uart.o
LOAD ./component/lists/fsl_component_generic_list.o
LOAD ./board/board.o
LOAD ./board/clock_config.o
LOAD ./board/peripherals.o
LOAD ./board/pin_mux.o
START GROUP
LOAD /Applications/MCUXpressoIDE_25.6.136/ide/plugins/com.nxp.mcuxpresso.tools.macosx_25.6.0.202501151204/tools/bin/../lib/gcc/arm-none-eabi/14.2.1/../../../../arm-none-eabi/lib/thumb/v6-m/nofp/libcr_nohost_nf.a
LOAD /Applications/MCUXpressoIDE_25.6.136/ide/plugins/com.nxp.mcuxpresso.tools.macosx_25.6.0.202501151204/tools/bin/../lib/gcc/arm-none-eabi/14.2.1/../../../../arm-none-eabi/lib/thumb/v6-m/nofp/libcr_c.a
LOAD /Applications/MCUXpressoIDE_25.6.136/ide/plugins/com.nxp.mcuxpresso.tools.macosx_25.6.0.202501151204/tools/bin/../lib/gcc/arm-none-eabi/14.2.1/thumb/v6-m/nofp/libcr_eabihelpers.a
LOAD /Applications/MCUXpressoIDE_25.6.136/ide/plugins/com.nxp.mcuxpresso.tools.macosx_25.6.0.202501151204/tools/bin/../lib/gcc/arm-none-eabi/14.2.1/thumb/v6-m/nofp/libgcc.a
END GROUP
                0x00000000                        __base_PROGRAM_FLASH = 0x0
                0x00000000                        __base_Flash = 0x0
                0x00040000                        __top_PROGRAM_FLASH = 0x40000
                0x00040000                        __top_Flash = 0x40000
                0x1fffe000                        __base_SRAM = 0x1fffe000
                0x1fffe000                        __base_RAM = 0x1fffe000
                0x20006000                        __top_SRAM = 0x20006000
                0x20006000                        __top_RAM = 0x20006000

.text           0x00000000     0x6904
 FILL mask 0xff
                0x00000000                        __vectors_start__ = ABSOLUTE (.)
 *(SORT_BY_ALIGNMENT(.isr_vector))
 .isr_vector    0x00000000       0xc0 ./startup/startup_mcxc444.o
                0x00000000                __Vectors
                0x00000000                g_pfnVectors
                0x000000c0                        . = ALIGN (0x4)
                0x000000c0                        __section_table_start = .
                0x000000c0                        __data_section_table = .
                0x000000c0        0x4 LONG 0x6904 LOADADDR (.data)
                0x000000c4        0x4 LONG 0x1fffe080 ADDR (.data)
                0x000000c8        0x4 LONG 0x8 SIZEOF (.data)
                0x000000cc                        __data_section_table_end = .
                0x000000cc                        __bss_section_table = .
                0x000000cc        0x4 LONG 0x1fffe088 ADDR (.bss)
                0x000000d0        0x4 LONG 0x2ab8 SIZEOF (.bss)
                0x000000d4                        __bss_section_table_end = .
                0x000000d4                        __section_table_end = .
 *(SORT_BY_ALIGNMENT(.after_vectors*))
 .after_vectors.reset
                0x000000d4       0x4c ./startup/startup_mcxc444.o
                0x000000d4                ResetISR
 .after_vectors.init_data
                0x00000120       0x12 ./startup/startup_mcxc444.o
                0x00000120                data_init
 .after_vectors.init_bss
                0x00000132       0x10 ./startup/startup_mcxc444.o
                0x00000132                bss_init
 .after_vectors
                0x00000142      0x10c ./startup/startup_mcxc444.o
                0x00000142                NMI_Handler
                0x0000014c                PIT_DriverIRQHandler
                0x0000014c                DMA0_DriverIRQHandler
                0x0000014c                Reserved42_DriverIRQHandler
                0x0000014c                SPI1_DriverIRQHandler
                0x0000014c                LPTMR0_DriverIRQHandler
                0x0000014c                PORTC_PORTD_DriverIRQHandler
                0x0000014c                PMC_DriverIRQHandler
                0x0000014c                I2S0_DriverIRQHandler
                0x0000014c                TPM2_DriverIRQHandler
                0x0000014c                RTC_Seconds_DriverIRQHandler
                0x0000014c                LLWU_DriverIRQHandler
                0x0000014c                FTFA_DriverIRQHandler
                0x0000014c                IntDefaultHandler
                0x0000014c                USB0_DriverIRQHandler
                0x0000014c                DAC0_DriverIRQHandler
                0x0000014c                TPM0_DriverIRQHandler
                0x0000014c                Reserved20_DriverIRQHandler
                0x0000014c                DMA3_DriverIRQHandler
                0x0000014c                UART2_FLEXIO_DriverIRQHandler
                0x0000014c                PORTA_DriverIRQHandler
                0x0000014c                TPM1_DriverIRQHandler
                0x0000014c                RTC_DriverIRQHandler
                0x0000014c                LCD_DriverIRQHandler
                0x0000014c                DMA1_DriverIRQHandler
                0x0000014c                I2C1_DriverIRQHandler
                0x0000014c                SPI0_DriverIRQHandler
                0x0000014c                ADC0_DriverIRQHandler
                0x0000014c                CMP0_DriverIRQHandler
                0x0000014c                DMA2_DriverIRQHandler
                0x0000014c                Reserved43_DriverIRQHandler
                0x0000014c                I2C0_DriverIRQHandler
                0x0000014e                DMA0_IRQHandler
                0x00000156                DMA1_IRQHandler
                0x0000015e                DMA2_IRQHandler
                0x00000166                DMA3_IRQHandler
                0x0000016e                Reserved20_IRQHandler
                0x00000176                FTFA_IRQHandler
                0x0000017e                PMC_IRQHandler
                0x00000186                LLWU_IRQHandler
                0x0000018e                I2C0_IRQHandler
                0x00000196                I2C1_IRQHandler
                0x0000019e                SPI0_IRQHandler
                0x000001a6                SPI1_IRQHandler
                0x000001ae                LPUART0_IRQHandler
                0x000001b6                LPUART1_IRQHandler
                0x000001be                UART2_FLEXIO_IRQHandler
                0x000001ce                CMP0_IRQHandler
                0x000001d6                TPM0_IRQHandler
                0x000001de                TPM1_IRQHandler
                0x000001e6                TPM2_IRQHandler
                0x000001ee                RTC_IRQHandler
                0x000001f6                RTC_Seconds_IRQHandler
                0x000001fe                PIT_IRQHandler
                0x00000206                I2S0_IRQHandler
                0x0000020e                USB0_IRQHandler
                0x00000216                DAC0_IRQHandler
                0x0000021e                Reserved42_IRQHandler
                0x00000226                Reserved43_IRQHandler
                0x0000022e                LPTMR0_IRQHandler
                0x00000236                LCD_IRQHandler
                0x00000400                        . = 0x400
 *fill*         0x0000024e      0x1b2 ff
                0x00000400                        PROVIDE (__FLASH_CONFIG_START__ = .)
 *(SORT_BY_ALIGNMENT(.FlashConfig))
 .FlashConfig   0x00000400       0x10 ./startup/startup_mcxc444.o
                0x00000400                Flash_Config
                0x00000410                        PROVIDE (__FLASH_CONFIG_END__ = .)
                0x00000001                        ASSERT (! ((__FLASH_CONFIG_START__ == __FLASH_CONFIG_END__)), Linker Flash Config Support Enabled, but no .FlashConfig section provided within application)
 *(SORT_BY_ALIGNMENT(.text*))
 .text.vRestoreContextOfFirstTask
                0x00000410       0x28 ./freertos/freertos-kernel/portable/GCC/ARM_CM0/portasm.o
                0x00000410                vRestoreContextOfFirstTask
 *fill*         0x00000438        0x8 ff
 .text.vStartFirstTask
                0x00000440       0x14 ./freertos/freertos-kernel/portable/GCC/ARM_CM0/portasm.o
                0x00000440                vStartFirstTask
 *fill*         0x00000454        0xc ff
 .text.PendSV_Handler
                0x00000460       0x48 ./freertos/freertos-kernel/portable/GCC/ARM_CM0/portasm.o
                0x00000460                PendSV_Handler
 *fill*         0x000004a8        0x8 ff
 .text.SVC_Handler
                0x000004b0       0x28 ./freertos/freertos-kernel/portable/GCC/ARM_CM0/portasm.o
                0x000004b0                SVC_Handler
 .text.DbgConsole_SendDataReliable
                0x000004d8       0x5c ./utilities/debug_console/fsl_debug_console.o
                0x000004d8                DbgConsole_SendDataReliable
 .text.DbgConsole_Init
                0x00000534      0x1a4 ./utilities/debug_console/fsl_debug_console.o
                0x00000534                DbgConsole_Init
 .text.DbgConsole_Vprintf
                0x000006d8       0x70 ./utilities/debug_console/fsl_debug_console.o
                0x000006d8                DbgConsole_Vprintf
 .text.__assertion_failed
                0x00000748       0x34 ./utilities/fsl_assert.o
                0x00000748                __assertion_failed
 .text.__NVIC_EnableIRQ
                0x0000077c       0x34 ./source/main.o
 .text.__NVIC_DisableIRQ
                0x000007b0       0x44 ./source/main.o
 .text.__NVIC_ClearPendingIRQ
                0x000007f4       0x38 ./source/main.o
 .text.__NVIC_SetPriority
                0x0000082c       0xdc ./source/main.o
 .text.initLEDs
                0x00000908       0xa0 ./source/main.o
                0x00000908                initLEDs
 .text.offLED   0x000009a8       0x60 ./source/main.o
                0x000009a8                offLED
 .text.onLED    0x00000a08       0x60 ./source/main.o
                0x00000a08                onLED
 .text.initADCInputs
                0x00000a68       0xb8 ./source/main.o
                0x00000a68                initADCInputs
 .text.ADC0_IRQHandler
                0x00000b20       0x30 ./source/main.o
                0x00000b20                ADC0_IRQHandler
 .text.readADCChannel
                0x00000b50       0x50 ./source/main.o
                0x00000b50                readADCChannel
 .text.initButtonIRQs
                0x00000ba0      0x154 ./source/main.o
                0x00000ba0                initButtonIRQs
 .text.PORTA_IRQHandler
                0x00000cf4       0x80 ./source/main.o
                0x00000cf4                PORTA_IRQHandler
 .text.PORTC_PORTD_IRQHandler
                0x00000d74       0x80 ./source/main.o
                0x00000d74                PORTC_PORTD_IRQHandler
 .text.sensorTask
                0x00000df4       0xc4 ./source/main.o
 .text.buttonTask
                0x00000eb8       0xe8 ./source/main.o
 .text.alertTask
                0x00000fa0      0x100 ./source/main.o
 .text.printTask
                0x000010a0      0x130 ./source/main.o
 .text.main     0x000011d0      0x108 ./source/main.o
                0x000011d0                main
 .text.HardFault_Handler
                0x000012d8       0x38 ./source/semihost_hardfault.o
                0x000012d8                HardFault_Handler
 .text.pvPortMalloc
                0x00001310      0x1f4 ./freertos/freertos-kernel/portable/MemMang/heap_4.o
                0x00001310                pvPortMalloc
 .text.vPortFree
                0x00001504       0xb8 ./freertos/freertos-kernel/portable/MemMang/heap_4.o
                0x00001504                vPortFree
 .text.prvHeapInit
                0x000015bc       0xb0 ./freertos/freertos-kernel/portable/MemMang/heap_4.o
 .text.prvInsertBlockIntoFreeList
                0x0000166c       0xe0 ./freertos/freertos-kernel/portable/MemMang/heap_4.o
 .text.vPortSetupTimerInterrupt
                0x0000174c       0x44 ./freertos/freertos-kernel/portable/GCC/ARM_CM0/port.o
                0x0000174c                vPortSetupTimerInterrupt
 .text.prvTaskExitError
                0x00001790       0x30 ./freertos/freertos-kernel/portable/GCC/ARM_CM0/port.o
 .text.vPortYield
                0x000017c0       0x20 ./freertos/freertos-kernel/portable/GCC/ARM_CM0/port.o
                0x000017c0                vPortYield
 .text.vPortEnterCritical
                0x000017e0       0x24 ./freertos/freertos-kernel/portable/GCC/ARM_CM0/port.o
                0x000017e0                vPortEnterCritical
 .text.vPortExitCritical
                0x00001804       0x30 ./freertos/freertos-kernel/portable/GCC/ARM_CM0/port.o
                0x00001804                vPortExitCritical
 .text.SysTick_Handler
                0x00001834       0x34 ./freertos/freertos-kernel/portable/GCC/ARM_CM0/port.o
                0x00001834                SysTick_Handler
 .text.pxPortInitialiseStack
                0x00001868      0x11c ./freertos/freertos-kernel/portable/GCC/ARM_CM0/port.o
                0x00001868                pxPortInitialiseStack
 .text.xPortStartScheduler
                0x00001984       0x8c ./freertos/freertos-kernel/portable/GCC/ARM_CM0/port.o
                0x00001984                xPortStartScheduler
 .text.vQueueAddToRegistry
                0x00001a10       0x8c ./freertos/freertos-kernel/queue.o
                0x00001a10                vQueueAddToRegistry
 .text.prvInitialiseNewTask
                0x00001a9c      0x104 ./freertos/freertos-kernel/tasks.o
 .text.prvAddNewTaskToReadyList
                0x00001ba0      0x120 ./freertos/freertos-kernel/tasks.o
 .text.xTaskDelayUntil
                0x00001cc0       0xc0 ./freertos/freertos-kernel/tasks.o
                0x00001cc0                xTaskDelayUntil
 .text.prvCreateIdleTasks
                0x00001d80       0x98 ./freertos/freertos-kernel/tasks.o
 .text.vTaskStartScheduler
                0x00001e18       0x68 ./freertos/freertos-kernel/tasks.o
                0x00001e18                vTaskStartScheduler
 .text.vTaskSuspendAll
                0x00001e80       0x18 ./freertos/freertos-kernel/tasks.o
                0x00001e80                vTaskSuspendAll
 .text.xTaskResumeAll
                0x00001e98      0x1ec ./freertos/freertos-kernel/tasks.o
                0x00001e98                xTaskResumeAll
 .text.xTaskGetTickCount
                0x00002084       0x1c ./freertos/freertos-kernel/tasks.o
                0x00002084                xTaskGetTickCount
 .text.xTaskGetTickCountFromISR
                0x000020a0       0x20 ./freertos/freertos-kernel/tasks.o
                0x000020a0                xTaskGetTickCountFromISR
 .text.uxTaskGetNumberOfTasks
                0x000020c0       0x14 ./freertos/freertos-kernel/tasks.o
                0x000020c0                uxTaskGetNumberOfTasks
 .text.xTaskIncrementTick
                0x000020d4      0x204 ./freertos/freertos-kernel/tasks.o
                0x000020d4                xTaskIncrementTick
 .text.vTaskSwitchContext
                0x000022d8       0xa8 ./freertos/freertos-kernel/tasks.o
                0x000022d8                vTaskSwitchContext
 .text.vTaskPlaceOnEventList
                0x00002380       0x40 ./freertos/freertos-kernel/tasks.o
                0x00002380                vTaskPlaceOnEventList
 .text.vTaskPlaceOnEventListRestricted
                0x000023c0       0x80 ./freertos/freertos-kernel/tasks.o
                0x000023c0                vTaskPlaceOnEventListRestricted
 .text.xTaskRemoveFromEventList
                0x00002440      0x19c ./freertos/freertos-kernel/tasks.o
                0x00002440                xTaskRemoveFromEventList
 .text.vTaskInternalSetTimeOutState
                0x000025dc       0x28 ./freertos/freertos-kernel/tasks.o
                0x000025dc                vTaskInternalSetTimeOutState
 .text.xTaskCheckForTimeOut
                0x00002604       0xac ./freertos/freertos-kernel/tasks.o
                0x00002604                xTaskCheckForTimeOut
 .text.vTaskMissedYield
                0x000026b0       0x14 ./freertos/freertos-kernel/tasks.o
                0x000026b0                vTaskMissedYield
 .text.prvIdleTask
                0x000026c4       0x20 ./freertos/freertos-kernel/tasks.o
 .text.prvInitialiseTaskLists
                0x000026e4       0x88 ./freertos/freertos-kernel/tasks.o
 .text.prvCheckTasksWaitingTermination
                0x0000276c       0x5c ./freertos/freertos-kernel/tasks.o
 .text.prvResetNextTaskUnblockTime
                0x000027c8       0x34 ./freertos/freertos-kernel/tasks.o
 .text.xTaskGetSchedulerState
                0x000027fc       0x38 ./freertos/freertos-kernel/tasks.o
                0x000027fc                xTaskGetSchedulerState
 .text.xTaskPriorityInherit
                0x00002834      0x124 ./freertos/freertos-kernel/tasks.o
                0x00002834                xTaskPriorityInherit
 .text.xTaskPriorityDisinherit
                0x00002958      0x10c ./freertos/freertos-kernel/tasks.o
                0x00002958                xTaskPriorityDisinherit
 .text.vTaskPriorityDisinheritAfterTimeout
                0x00002a64      0x134 ./freertos/freertos-kernel/tasks.o
                0x00002a64                vTaskPriorityDisinheritAfterTimeout
 .text.pvTaskIncrementMutexHeldCount
                0x00002b98       0x2c ./freertos/freertos-kernel/tasks.o
                0x00002b98                pvTaskIncrementMutexHeldCount
 .text.xTaskGenericNotify
                0x00002bc4      0x214 ./freertos/freertos-kernel/tasks.o
                0x00002bc4                xTaskGenericNotify
 .text.xTaskGenericNotifyFromISR
                0x00002dd8      0x27c ./freertos/freertos-kernel/tasks.o
                0x00002dd8                xTaskGenericNotifyFromISR
 .text.prvAddCurrentTaskToDelayedList
                0x00003054       0xe4 ./freertos/freertos-kernel/tasks.o
 .text.xTimerCreateTimerTask
                0x00003138       0x54 ./freertos/freertos-kernel/timers.o
                0x00003138                xTimerCreateTimerTask
 .text.prvProcessExpiredTimer
                0x0000318c       0x64 ./freertos/freertos-kernel/timers.o
 .text.prvProcessTimerOrBlockTask
                0x000031f0       0x90 ./freertos/freertos-kernel/timers.o
 .text.prvGetNextExpireTime
                0x00003280       0x44 ./freertos/freertos-kernel/timers.o
 .text.prvSampleTimeNow
                0x000032c4       0x40 ./freertos/freertos-kernel/timers.o
 .text.prvInsertTimerInActiveList
                0x00003304       0x84 ./freertos/freertos-kernel/timers.o
 .text.prvProcessReceivedCommands
                0x00003388      0x198 ./freertos/freertos-kernel/timers.o
 .text.prvSwitchTimerLists
                0x00003520       0x50 ./freertos/freertos-kernel/timers.o
 .text.prvCheckForValidListAndQueue
                0x00003570       0x74 ./freertos/freertos-kernel/timers.o
 .text.CLOCK_SetEr32kClock
                0x000035e4       0x34 ./drivers/fsl_clock.o
 .text.CLOCK_GetLircClkFreq
                0x00003618       0x50 ./drivers/fsl_clock.o
 .text.CLOCK_GetOsc0ErClkFreq
                0x00003668       0x44 ./drivers/fsl_clock.o
                0x00003668                CLOCK_GetOsc0ErClkFreq
 .text.CLOCK_GetEr32kClkFreq
                0x000036ac       0x78 ./drivers/fsl_clock.o
                0x000036ac                CLOCK_GetEr32kClkFreq
 .text.CLOCK_GetFreq
                0x00003724       0xc0 ./drivers/fsl_clock.o
                0x00003724                CLOCK_GetFreq
 .text.CLOCK_SetSimConfig
                0x000037e4       0x2c ./drivers/fsl_clock.o
                0x000037e4                CLOCK_SetSimConfig
 .text.CLOCK_GetInternalRefClkFreq
                0x00003810       0x48 ./drivers/fsl_clock.o
                0x00003810                CLOCK_GetInternalRefClkFreq
 .text.CLOCK_GetPeriphClkFreq
                0x00003858       0x3c ./drivers/fsl_clock.o
                0x00003858                CLOCK_GetPeriphClkFreq
 .text.CLOCK_GetOutClkFreq
                0x00003894       0x7c ./drivers/fsl_clock.o
                0x00003894                CLOCK_GetOutClkFreq
 .text.CLOCK_SetMcgliteConfig
                0x00003910      0x110 ./drivers/fsl_clock.o
                0x00003910                CLOCK_SetMcgliteConfig
 .text.CLOCK_EnableClock
                0x00003a20       0x34 ./drivers/fsl_lpuart.o
 .text.LPUART_GetInstance
                0x00003a54       0x4c ./drivers/fsl_lpuart.o
                0x00003a54                LPUART_GetInstance
 .text.LPUART_Init
                0x00003aa0      0x338 ./drivers/fsl_lpuart.o
                0x00003aa0                LPUART_Init
 .text.LPUART_GetDefaultConfig
                0x00003dd8       0x68 ./drivers/fsl_lpuart.o
                0x00003dd8                LPUART_GetDefaultConfig
 .text.LPUART_WriteBlocking
                0x00003e40       0x6c ./drivers/fsl_lpuart.o
                0x00003e40                LPUART_WriteBlocking
 .text.LPUART0_DriverIRQHandler
                0x00003eac       0x24 ./drivers/fsl_lpuart.o
                0x00003eac                LPUART0_DriverIRQHandler
 .text.LPUART1_DriverIRQHandler
                0x00003ed0       0x24 ./drivers/fsl_lpuart.o
                0x00003ed0                LPUART1_DriverIRQHandler
 .text.SystemInit
                0x00003ef4       0x40 ./device/system_MCXC444.o
                0x00003ef4                SystemInit
 .text.HAL_UartGetStatus
                0x00003f34       0x34 ./component/uart/fsl_adapter_lpuart.o
 .text.HAL_UartInitCommon
                0x00003f68       0xa0 ./component/uart/fsl_adapter_lpuart.o
 .text.HAL_UartInit
                0x00004008       0x98 ./component/uart/fsl_adapter_lpuart.o
                0x00004008                HAL_UartInit
 .text.HAL_UartSendBlocking
                0x000040a0       0x6c ./component/uart/fsl_adapter_lpuart.o
                0x000040a0                HAL_UartSendBlocking
 .text.SerialManager_StartWriting
                0x0000410c       0x44 ./component/serial_manager/fsl_component_serial_manager.o
 .text.SerialManager_Init
                0x00004150       0x70 ./component/serial_manager/fsl_component_serial_manager.o
                0x00004150                SerialManager_Init
 .text.SerialManager_OpenReadHandle
                0x000041c0       0x74 ./component/serial_manager/fsl_component_serial_manager.o
                0x000041c0                SerialManager_OpenReadHandle
 .text.CLOCK_SetLpuart0Clock
                0x00004234       0x38 ./board/board.o
 .text.CLOCK_SetSimSafeDivs
                0x0000426c       0x20 ./board/clock_config.o
 .text.BOARD_BootClockRUN
                0x0000428c       0x34 ./board/clock_config.o
                0x0000428c                BOARD_BootClockRUN
 .text.CLOCK_EnableClock
                0x000042c0       0x34 ./board/pin_mux.o
 .text.PORT_SetPinMux
                0x000042f4       0x40 ./board/pin_mux.o
 .text.BOARD_InitDEBUG_UARTPins
                0x00004334       0x4c ./board/pin_mux.o
                0x00004334                BOARD_InitDEBUG_UARTPins
 .text._initio  0x00004380       0x7c /Applications/MCUXpressoIDE_25.6.136/ide/plugins/com.nxp.mcuxpresso.tools.macosx_25.6.0.202501151204/tools/bin/../lib/gcc/arm-none-eabi/14.2.1/../../../../arm-none-eabi/lib/thumb/v6-m/nofp/libcr_c.a(initio.o)
                0x00004380                _initio
 .text.setvbuf  0x000043fc       0x4c /Applications/MCUXpressoIDE_25.6.136/ide/plugins/com.nxp.mcuxpresso.tools.macosx_25.6.0.202501151204/tools/bin/../lib/gcc/arm-none-eabi/14.2.1/../../../../arm-none-eabi/lib/thumb/v6-m/nofp/libcr_c.a(setvbuf.o)
                0x000043fc                setvbuf
 .text.strlen   0x00004448       0x5c /Applications/MCUXpressoIDE_25.6.136/ide/plugins/com.nxp.mcuxpresso.tools.macosx_25.6.0.202501151204/tools/bin/../lib/gcc/arm-none-eabi/14.2.1/../../../../arm-none-eabi/lib/thumb/v6-m/nofp/libcr_c.a(strlen.o)
                0x00004448                strlen
 .text._deferredlazyseek
                0x000044a4       0x44 /Applications/MCUXpressoIDE_25.6.136/ide/plugins/com.nxp.mcuxpresso.tools.macosx_25.6.0.202501151204/tools/bin/../lib/gcc/arm-none-eabi/14.2.1/../../../../arm-none-eabi/lib/thumb/v6-m/nofp/libcr_c.a(_deferredlazyseek.o)
                0x000044a4                _deferredlazyseek
 .text._fdopen  0x000044e8       0x74 /Applications/MCUXpressoIDE_25.6.136/ide/plugins/com.nxp.mcuxpresso.tools.macosx_25.6.0.202501151204/tools/bin/../lib/gcc/arm-none-eabi/14.2.1/../../../../arm-none-eabi/lib/thumb/v6-m/nofp/libcr_c.a(_fdopen.o)
                0x000044e8                _fdopen
 .text._fflush  0x0000455c       0x5c /Applications/MCUXpressoIDE_25.6.136/ide/plugins/com.nxp.mcuxpresso.tools.macosx_25.6.0.202501151204/tools/bin/../lib/gcc/arm-none-eabi/14.2.1/../../../../arm-none-eabi/lib/thumb/v6-m/nofp/libcr_c.a(_fflush.o)
                0x0000455c                _fflush
 .text._Cwritebuf
                0x000045b8       0x68 /Applications/MCUXpressoIDE_25.6.136/ide/plugins/com.nxp.mcuxpresso.tools.macosx_25.6.0.202501151204/tools/bin/../lib/gcc/arm-none-eabi/14.2.1/../../../../arm-none-eabi/lib/thumb/v6-m/nofp/libcr_c.a(_writebuf.o)
                0x000045b8                _Cwritebuf
 .text.fclose   0x00004620       0x5c /Applications/MCUXpressoIDE_25.6.136/ide/plugins/com.nxp.mcuxpresso.tools.macosx_25.6.0.202501151204/tools/bin/../lib/gcc/arm-none-eabi/14.2.1/../../../../arm-none-eabi/lib/thumb/v6-m/nofp/libcr_c.a(fclose.o)
                0x00004620                fclose
 .text.fflush   0x0000467c       0x40 /Applications/MCUXpressoIDE_25.6.136/ide/plugins/com.nxp.mcuxpresso.tools.macosx_25.6.0.202501151204/tools/bin/../lib/gcc/arm-none-eabi/14.2.1/../../../../arm-none-eabi/lib/thumb/v6-m/nofp/libcr_c.a(fflush.o)
                0x0000467c                fflush
 .text.fseek    0x000046bc       0xec /Applications/MCUXpressoIDE_25.6.136/ide/plugins/com.nxp.mcuxpresso.tools.macosx_25.6.0.202501151204/tools/bin/../lib/gcc/arm-none-eabi/14.2.1/../../../../arm-none-eabi/lib/thumb/v6-m/nofp/libcr_c.a(fseek.o)
                0x000046bc                fseek
 .text.ftell    0x000047a8       0x4c /Applications/MCUXpressoIDE_25.6.136/ide/plugins/com.nxp.mcuxpresso.tools.macosx_25.6.0.202501151204/tools/bin/../lib/gcc/arm-none-eabi/14.2.1/../../../../arm-none-eabi/lib/thumb/v6-m/nofp/libcr_c.a(ftell.o)
                0x000047a8                ftell
 .text._do_fflush
                0x000047f4       0x48 /Applications/MCUXpressoIDE_25.6.136/ide/plugins/com.nxp.mcuxpresso.tools.macosx_25.6.0.202501151204/tools/bin/../lib/gcc/arm-none-eabi/14.2.1/../../../../arm-none-eabi/lib/thumb/v6-m/nofp/libcr_c.a(_do_fflush.o)
                0x000047f4                _do_fflush
 .text.PrintGetWidth
                0x0000483c       0x7c ./utilities/str/fsl_str.o
 .text.PrintGetPrecision
                0x000048b8       0xa0 ./utilities/str/fsl_str.o
 .text.PrintIsobpu
                0x00004958       0x3e ./utilities/str/fsl_str.o
 .text.PrintIsdi
                0x00004996       0x2e ./utilities/str/fsl_str.o
 .text.PrintOutputdifFobpu
                0x000049c4       0x48 ./utilities/str/fsl_str.o
 .text.PrintOutputxX
                0x00004a0c       0x48 ./utilities/str/fsl_str.o
 .text.PrintIsfF
                0x00004a54       0x2e ./utilities/str/fsl_str.o
 .text.PrintIsxX
                0x00004a82       0x2e ./utilities/str/fsl_str.o
 .text.PrintFilterLengthFlag
                0x00004ab0       0x44 ./utilities/str/fsl_str.o
 .text.PrintGetRadixFromobpu
                0x00004af4       0x58 ./utilities/str/fsl_str.o
 .text.ConvertRadixNumToString
                0x00004b4c       0xc0 ./utilities/str/fsl_str.o
 .text.StrFormatExaminedi
                0x00004c0c       0x22 ./utilities/str/fsl_str.o
 .text.StrFormatExaminexX
                0x00004c2e       0x22 ./utilities/str/fsl_str.o
 .text.StrFormatExamineobpu
                0x00004c50       0x22 ./utilities/str/fsl_str.o
 .text.ConvertPrecisionWidthToLength
                0x00004c72       0x22 ./utilities/str/fsl_str.o
 .text.StrFormatPrintf
                0x00004c94      0x2d6 ./utilities/str/fsl_str.o
                0x00004c94                StrFormatPrintf
 .text.DbgConsole_PrintCallback
                0x00004f6a       0x6c ./utilities/debug_console/fsl_debug_console.o
 .text.DbgConsole_Printf
                0x00004fd6       0x32 ./utilities/debug_console/fsl_debug_console.o
                0x00004fd6                DbgConsole_Printf
 .text.__sys_write
                0x00005008       0x40 ./utilities/debug_console/fsl_debug_console.o
                0x00005008                __sys_write
 .text.fsl_assert_hook
                0x00005048       0x16 ./utilities/fsl_assert.o
                0x00005048                fsl_assert_hook
 .text.offAllLEDs
                0x0000505e       0x1c ./source/main.o
                0x0000505e                offAllLEDs
 .text.setRGB   0x0000507a       0x68 ./source/main.o
                0x0000507a                setRGB
 .text.readMicWindow
                0x000050e2       0xaa ./source/main.o
                0x000050e2                readMicWindow
 .text.vPortSVCHandler_C
                0x0000518c       0x38 ./freertos/freertos-kernel/portable/GCC/ARM_CM0/port.o
                0x0000518c                vPortSVCHandler_C
 .text.ulSetInterruptMask
                0x000051c4        0xc ./freertos/freertos-kernel/portable/GCC/ARM_CM0/portasm.o
                0x000051c4                ulSetInterruptMask
 .text.vClearInterruptMask
                0x000051d0        0x8 ./freertos/freertos-kernel/portable/GCC/ARM_CM0/portasm.o
                0x000051d0                vClearInterruptMask
 .text.vListInitialise
                0x000051d8       0x3c ./freertos/freertos-kernel/list.o
                0x000051d8                vListInitialise
 .text.vListInitialiseItem
                0x00005214       0x16 ./freertos/freertos-kernel/list.o
                0x00005214                vListInitialiseItem
 .text.vListInsert
                0x0000522a       0x6c ./freertos/freertos-kernel/list.o
                0x0000522a                vListInsert
 .text.uxListRemove
                0x00005296       0x50 ./freertos/freertos-kernel/list.o
                0x00005296                uxListRemove
 .text.xQueueGenericReset
                0x000052e6      0x116 ./freertos/freertos-kernel/queue.o
                0x000052e6                xQueueGenericReset
 .text.xQueueGenericCreate
                0x000053fc       0xbe ./freertos/freertos-kernel/queue.o
                0x000053fc                xQueueGenericCreate
 .text.prvInitialiseNewQueue
                0x000054ba       0x4e ./freertos/freertos-kernel/queue.o
 .text.prvInitialiseMutex
                0x00005508       0x34 ./freertos/freertos-kernel/queue.o
 .text.xQueueCreateMutex
                0x0000553c       0x38 ./freertos/freertos-kernel/queue.o
                0x0000553c                xQueueCreateMutex
 .text.xQueueGenericSend
                0x00005574      0x190 ./freertos/freertos-kernel/queue.o
                0x00005574                xQueueGenericSend
 .text.xQueueGiveFromISR
                0x00005704       0xf6 ./freertos/freertos-kernel/queue.o
                0x00005704                xQueueGiveFromISR
 .text.xQueueReceive
                0x000057fa      0x170 ./freertos/freertos-kernel/queue.o
                0x000057fa                xQueueReceive
 .text.xQueueSemaphoreTake
                0x0000596a      0x1b0 ./freertos/freertos-kernel/queue.o
                0x0000596a                xQueueSemaphoreTake
 .text.prvGetDisinheritPriorityAfterTimeout
                0x00005b1a       0x2c ./freertos/freertos-kernel/queue.o
 .text.prvCopyDataToQueue
                0x00005b46       0xd6 ./freertos/freertos-kernel/queue.o
 .text.prvCopyDataFromQueue
                0x00005c1c       0x4c ./freertos/freertos-kernel/queue.o
 .text.prvUnlockQueue
                0x00005c68       0xbc ./freertos/freertos-kernel/queue.o
 .text.prvIsQueueEmpty
                0x00005d24       0x2c ./freertos/freertos-kernel/queue.o
 .text.prvIsQueueFull
                0x00005d50       0x30 ./freertos/freertos-kernel/queue.o
 .text.vQueueWaitForMessageRestricted
                0x00005d80       0x66 ./freertos/freertos-kernel/queue.o
                0x00005d80                vQueueWaitForMessageRestricted
 .text.prvCreateTask
                0x00005de6       0x82 ./freertos/freertos-kernel/tasks.o
 .text.xTaskCreate
                0x00005e68       0x4c ./freertos/freertos-kernel/tasks.o
                0x00005e68                xTaskCreate
 .text.prvDeleteTCB
                0x00005eb4       0x22 ./freertos/freertos-kernel/tasks.o
 .text.prvReloadTimer
                0x00005ed6       0x42 ./freertos/freertos-kernel/timers.o
 .text.prvTimerTask
                0x00005f18       0x2a ./freertos/freertos-kernel/timers.o
 .text.SystemInitHook
                0x00005f42        0xa ./device/system_MCXC444.o
                0x00005f42                SystemInitHook
 .text.DisableGlobalIRQ
                0x00005f4c       0x1e ./component/serial_manager/fsl_component_serial_manager.o
 .text.EnableGlobalIRQ
                0x00005f6a       0x1c ./component/serial_manager/fsl_component_serial_manager.o
 .text.SerialManager_Write
                0x00005f86       0x44 ./component/serial_manager/fsl_component_serial_manager.o
 .text.SerialManager_OpenWriteHandle
                0x00005fca       0x56 ./component/serial_manager/fsl_component_serial_manager.o
                0x00005fca                SerialManager_OpenWriteHandle
 .text.SerialManager_WriteBlocking
                0x00006020       0x22 ./component/serial_manager/fsl_component_serial_manager.o
                0x00006020                SerialManager_WriteBlocking
 .text.Serial_UartInit
                0x00006042       0x4e ./component/serial_manager/fsl_component_serial_port_uart.o
                0x00006042                Serial_UartInit
 .text.Serial_UartWrite
                0x00006090       0x38 ./component/serial_manager/fsl_component_serial_port_uart.o
                0x00006090                Serial_UartWrite
 .text.BOARD_InitDebugConsole
                0x000060c8       0x2c ./board/board.o
                0x000060c8                BOARD_InitDebugConsole
 .text.BOARD_InitBootClocks
                0x000060f4        0xe ./board/clock_config.o
                0x000060f4                BOARD_InitBootClocks
 .text.BOARD_InitPeripherals
                0x00006102        0xa ./board/peripherals.o
                0x00006102                BOARD_InitPeripherals
 .text.BOARD_InitBootPeripherals
                0x0000610c        0xe ./board/peripherals.o
                0x0000610c                BOARD_InitBootPeripherals
 .text.BOARD_InitBootPins
                0x0000611a        0xe ./board/pin_mux.o
                0x0000611a                BOARD_InitBootPins
 .text.__main   0x00006128        0xc /Applications/MCUXpressoIDE_25.6.136/ide/plugins/com.nxp.mcuxpresso.tools.macosx_25.6.0.202501151204/tools/bin/../lib/gcc/arm-none-eabi/14.2.1/../../../../arm-none-eabi/lib/thumb/v6-m/nofp/libcr_nohost_nf.a(_cr__main.o)
                0x00006128                __main
 .text.memcpy   0x00006134        0x8 /Applications/MCUXpressoIDE_25.6.136/ide/plugins/com.nxp.mcuxpresso.tools.macosx_25.6.0.202501151204/tools/bin/../lib/gcc/arm-none-eabi/14.2.1/../../../../arm-none-eabi/lib/thumb/v6-m/nofp/libcr_c.a(memcpy.o)
                0x00006134                memcpy
 .text.memset   0x0000613c        0x8 /Applications/MCUXpressoIDE_25.6.136/ide/plugins/com.nxp.mcuxpresso.tools.macosx_25.6.0.202501151204/tools/bin/../lib/gcc/arm-none-eabi/14.2.1/../../../../arm-none-eabi/lib/thumb/v6-m/nofp/libcr_c.a(memset.o)
                0x0000613c                memset
 .text.free     0x00006144       0x2c /Applications/MCUXpressoIDE_25.6.136/ide/plugins/com.nxp.mcuxpresso.tools.macosx_25.6.0.202501151204/tools/bin/../lib/gcc/arm-none-eabi/14.2.1/../../../../arm-none-eabi/lib/thumb/v6-m/nofp/libcr_c.a(alloc.o)
                0x00006144                free
 .text.remove   0x00006170       0x12 /Applications/MCUXpressoIDE_25.6.136/ide/plugins/com.nxp.mcuxpresso.tools.macosx_25.6.0.202501151204/tools/bin/../lib/gcc/arm-none-eabi/14.2.1/../../../../arm-none-eabi/lib/thumb/v6-m/nofp/libcr_c.a(remove.o)
                0x00006170                remove
 .text.__aeabi_division_idivmod
                0x00006182       0x78 /Applications/MCUXpressoIDE_25.6.136/ide/plugins/com.nxp.mcuxpresso.tools.macosx_25.6.0.202501151204/tools/bin/../lib/gcc/arm-none-eabi/14.2.1/thumb/v6-m/nofp/libcr_eabihelpers.a(division_32.o)
                0x00006182                __aeabi_idiv
                0x00006182                __aeabi_idivmod
                0x00006188                __aeabi_uidiv
                0x00006188                __aeabi_uidivmod
 .text.__aeabi_division_uldivmod
                0x000061fa       0x5a /Applications/MCUXpressoIDE_25.6.136/ide/plugins/com.nxp.mcuxpresso.tools.macosx_25.6.0.202501151204/tools/bin/../lib/gcc/arm-none-eabi/14.2.1/thumb/v6-m/nofp/libcr_eabihelpers.a(division_64.o)
                0x000061fa                __aeabi_uldivmod
 .text.__aeabi_division_idiv0
                0x00006254        0x2 /Applications/MCUXpressoIDE_25.6.136/ide/plugins/com.nxp.mcuxpresso.tools.macosx_25.6.0.202501151204/tools/bin/../lib/gcc/arm-none-eabi/14.2.1/thumb/v6-m/nofp/libcr_eabihelpers.a(division_idiv0.o)
                0x00006254                __aeabi_idiv0
 .text.__aeabi_llong_lmul
                0x00006256       0x2e /Applications/MCUXpressoIDE_25.6.136/ide/plugins/com.nxp.mcuxpresso.tools.macosx_25.6.0.202501151204/tools/bin/../lib/gcc/arm-none-eabi/14.2.1/thumb/v6-m/nofp/libcr_eabihelpers.a(llong.o)
                0x00006256                __aeabi_lmul
 .text.__aeabi_memcpy
                0x00006284       0x2c /Applications/MCUXpressoIDE_25.6.136/ide/plugins/com.nxp.mcuxpresso.tools.macosx_25.6.0.202501151204/tools/bin/../lib/gcc/arm-none-eabi/14.2.1/thumb/v6-m/nofp/libcr_eabihelpers.a(memcpy.o)
                0x00006284                __aeabi_memcpy
                0x00006284                __aeabi_memcpy4
                0x00006284                __aeabi_memcpy8
 .text.__aeabi_memset_lowlevel
                0x000062b0       0x2a /Applications/MCUXpressoIDE_25.6.136/ide/plugins/com.nxp.mcuxpresso.tools.macosx_25.6.0.202501151204/tools/bin/../lib/gcc/arm-none-eabi/14.2.1/thumb/v6-m/nofp/libcr_eabihelpers.a(memcpy.o)
                0x000062b0                __aeabi_lowlevel_memset
 .text.__sys_close
                0x000062da        0x6 /Applications/MCUXpressoIDE_25.6.136/ide/plugins/com.nxp.mcuxpresso.tools.macosx_25.6.0.202501151204/tools/bin/../lib/gcc/arm-none-eabi/14.2.1/../../../../arm-none-eabi/lib/thumb/v6-m/nofp/libcr_nohost_nf.a(__sys_close.o)
                0x000062da                __sys_close
 .text.__sys_flen
                0x000062e0        0x6 /Applications/MCUXpressoIDE_25.6.136/ide/plugins/com.nxp.mcuxpresso.tools.macosx_25.6.0.202501151204/tools/bin/../lib/gcc/arm-none-eabi/14.2.1/../../../../arm-none-eabi/lib/thumb/v6-m/nofp/libcr_nohost_nf.a(__sys_flen.o)
                0x000062e0                __sys_flen
 .text.__sys_istty
                0x000062e6        0x6 /Applications/MCUXpressoIDE_25.6.136/ide/plugins/com.nxp.mcuxpresso.tools.macosx_25.6.0.202501151204/tools/bin/../lib/gcc/arm-none-eabi/14.2.1/../../../../arm-none-eabi/lib/thumb/v6-m/nofp/libcr_nohost_nf.a(__sys_istty.o)
                0x000062e6                __sys_istty
 .text.__sys_remove
                0x000062ec        0x6 /Applications/MCUXpressoIDE_25.6.136/ide/plugins/com.nxp.mcuxpresso.tools.macosx_25.6.0.202501151204/tools/bin/../lib/gcc/arm-none-eabi/14.2.1/../../../../arm-none-eabi/lib/thumb/v6-m/nofp/libcr_nohost_nf.a(__sys_remove.o)
                0x000062ec                __sys_remove
 .text.__sys_seek
                0x000062f2        0x6 /Applications/MCUXpressoIDE_25.6.136/ide/plugins/com.nxp.mcuxpresso.tools.macosx_25.6.0.202501151204/tools/bin/../lib/gcc/arm-none-eabi/14.2.1/../../../../arm-none-eabi/lib/thumb/v6-m/nofp/libcr_nohost_nf.a(__sys_seek.o)
                0x000062f2                __sys_seek
 .text.__sys_tmpnam
                0x000062f8        0x6 /Applications/MCUXpressoIDE_25.6.136/ide/plugins/com.nxp.mcuxpresso.tools.macosx_25.6.0.202501151204/tools/bin/../lib/gcc/arm-none-eabi/14.2.1/../../../../arm-none-eabi/lib/thumb/v6-m/nofp/libcr_nohost_nf.a(__sys_tmpnam.o)
                0x000062f8                __sys_tmpnam
 *freertos*/tasks.o(SORT_BY_ALIGNMENT(.rodata*))
 *fill*         0x000062fe        0x2 ff
 .rodata.uxTopUsedPriority
                0x00006300        0x4 ./freertos/freertos-kernel/tasks.o
 .rodata.prvCreateIdleTasks.str1.4
                0x00006304        0x5 ./freertos/freertos-kernel/tasks.o
 .rodata.xTaskGenericNotify
                0x00006304       0x14 ./freertos/freertos-kernel/tasks.o
 .rodata.xTaskGenericNotifyFromISR
                0x00006318       0x14 ./freertos/freertos-kernel/tasks.o
 *(SORT_BY_ALIGNMENT(.rodata) SORT_BY_ALIGNMENT(.rodata.*) SORT_BY_ALIGNMENT(.constdata) SORT_BY_ALIGNMENT(.constdata.*))
 .rodata.__assertion_failed.str1.4
                0x0000632c      0x527 ./utilities/fsl_assert.o
                                 0x14 (size before relaxing)
 .rodata.buttonTask.str1.4
                0x00006853       0x83 ./source/main.o
 .rodata.printTask.str1.4
                0x00006853      0x13d ./source/main.o
 .rodata.main.str1.4
                0x00006853       0x4f ./source/main.o
 .rodata.xTimerCreateTimerTask.str1.4
                0x00006853        0x8 ./freertos/freertos-kernel/timers.o
 *fill*         0x00006853        0x1 ff
 .rodata.prvProcessReceivedCommands
                0x00006854       0x28 ./freertos/freertos-kernel/timers.o
 .rodata.prvCheckForValidListAndQueue.str1.4
                0x0000687c        0x5 ./freertos/freertos-kernel/timers.o
 .rodata.CLOCK_GetOsc0ErClkFreq.str1.4
                0x0000687c       0x1e ./drivers/fsl_clock.o
 .rodata.CLOCK_GetEr32kClkFreq.str1.4
                0x0000687c       0x1f ./drivers/fsl_clock.o
 .rodata.CLOCK_GetFreq
                0x0000687c       0x50 ./drivers/fsl_clock.o
 .rodata.CLOCK_GetOutClkFreq.str1.4
                0x000068cc       0x1e ./drivers/fsl_clock.o
 .rodata.CLOCK_SetMcgliteConfig.str1.4
                0x000068cc       0x1f ./drivers/fsl_clock.o
 .rodata.lircFreqs.0
                0x000068cc        0x8 ./drivers/fsl_clock.o
 .rodata.s_lpuartBases
                0x000068d4        0x8 ./drivers/fsl_lpuart.o
 .rodata.s_lpuartClock
                0x000068dc        0x8 ./drivers/fsl_lpuart.o
 .rodata.LPUART_GetInstance.str1.4
                0x000068e4       0x38 ./drivers/fsl_lpuart.o
 .rodata.LPUART_Init.str1.4
                0x000068e4       0x51 ./drivers/fsl_lpuart.o
 .rodata.LPUART_GetDefaultConfig.str1.4
                0x000068e4       0x22 ./drivers/fsl_lpuart.o
 .rodata.LPUART_WriteBlocking.str1.4
                0x000068e4       0x21 ./drivers/fsl_lpuart.o
 .rodata.s_LpuartAdapterBase
                0x000068e4        0x8 ./component/uart/fsl_adapter_lpuart.o
 .rodata.HAL_UartInit.str1.4
                0x000068ec      0x116 ./component/uart/fsl_adapter_lpuart.o
 .rodata.HAL_UartSendBlocking.str1.4
                0x000068ec       0x7b ./component/uart/fsl_adapter_lpuart.o
 .rodata.mcgliteConfig_BOARD_BootClockRUN
                0x000068ec        0x6 ./board/clock_config.o
                0x000068ec                mcgliteConfig_BOARD_BootClockRUN
 *fill*         0x000068f2        0x2 ff
 .rodata.simConfig_BOARD_BootClockRUN
                0x000068f4        0x8 ./board/clock_config.o
                0x000068f4                simConfig_BOARD_BootClockRUN
 .rodata.__num_Ciob_streams
                0x000068fc        0x4 /Applications/MCUXpressoIDE_25.6.136/ide/plugins/com.nxp.mcuxpresso.tools.macosx_25.6.0.202501151204/tools/bin/../lib/gcc/arm-none-eabi/14.2.1/../../../../arm-none-eabi/lib/thumb/v6-m/nofp/libcr_nohost_nf.a(__ciob.o)
                0x000068fc                __num_Ciob_streams
 .rodata._initio.str1.1
                0x00006900        0x4 /Applications/MCUXpressoIDE_25.6.136/ide/plugins/com.nxp.mcuxpresso.tools.macosx_25.6.0.202501151204/tools/bin/../lib/gcc/arm-none-eabi/14.2.1/../../../../arm-none-eabi/lib/thumb/v6-m/nofp/libcr_c.a(initio.o)
                0x00006904                        . = ALIGN (0x4)

.glue_7         0x00006904        0x0
 .glue_7        0x00006904        0x0 linker stubs

.glue_7t        0x00006904        0x0
 .glue_7t       0x00006904        0x0 linker stubs

.vfp11_veneer   0x00006904        0x0
 .vfp11_veneer  0x00006904        0x0 linker stubs

.v4_bx          0x00006904        0x0
 .v4_bx         0x00006904        0x0 linker stubs

.iplt           0x00006904        0x0
 .iplt          0x00006904        0x0 ./utilities/str/fsl_str.o

.rel.dyn        0x00006904        0x0
 .rel.iplt      0x00006904        0x0 ./utilities/str/fsl_str.o

.ARM.extab
 *(SORT_BY_ALIGNMENT(.ARM.extab*) SORT_BY_ALIGNMENT(.gnu.linkonce.armextab.*))

.ARM.exidx      0x00006904        0x0
                0x00006904                        __exidx_start = .
 *(SORT_BY_ALIGNMENT(.ARM.exidx*) SORT_BY_ALIGNMENT(.gnu.linkonce.armexidx.*))
                0x00006904                        __exidx_end = .
                0x00006904                        _etext = .

.mtb_buffer_default
                0x1fffe000       0x80
 *(SORT_BY_ALIGNMENT(.mtb*))
 .mtb.$RAM1     0x1fffe000       0x80 ./source/mtb.o
                0x1fffe000                __mtb_buffer__

.uninit_RESERVED
                0x1fffe080        0x0
                0x1fffe080                        _start_uninit_RESERVED = .
 *(SORT_BY_ALIGNMENT(.bss.$RESERVED*))
                0x1fffe080                        . = ALIGN (0x4)
                0x1fffe080                        _end_uninit_RESERVED = .

.data           0x1fffe080        0x8 load address 0x00006904
 FILL mask 0xff
                0x1fffe080                        _data = .
                [!provide]                        PROVIDE (__start_data_RAM = .)
                [!provide]                        PROVIDE (__start_data_SRAM = .)
 *(SORT_BY_ALIGNMENT(vtable))
 *(SORT_BY_ALIGNMENT(.ramfunc*))
 *(SORT_BY_ALIGNMENT(CodeQuickAccess))
 *(SORT_BY_ALIGNMENT(DataQuickAccess))
 *(SORT_BY_ALIGNMENT(RamFunction))
 *(SORT_BY_ALIGNMENT(.data*))
 .data.ulCriticalNesting
                0x1fffe080        0x4 ./freertos/freertos-kernel/portable/GCC/ARM_CM0/port.o
 .data.SystemCoreClock
                0x1fffe084        0x4 ./device/system_MCXC444.o
                0x1fffe084                SystemCoreClock
                0x1fffe088                        . = ALIGN (0x4)
                0x1fffe088                        _edata = .
                [!provide]                        PROVIDE (__end_data_RAM = .)
                [!provide]                        PROVIDE (__end_data_SRAM = .)

.igot.plt       0x1fffe088        0x0 load address 0x0000690c
 .igot.plt      0x1fffe088        0x0 ./utilities/str/fsl_str.o

.bss            0x1fffe088     0x2ab8
                0x1fffe088                        _bss = .
                [!provide]                        PROVIDE (__start_bss_RAM = .)
                [!provide]                        PROVIDE (__start_bss_SRAM = .)
 *(SORT_BY_ALIGNMENT(.bss*))
 .bss.s_debugConsoleState
                0x1fffe088       0x20 ./utilities/debug_console/fsl_debug_console.o
 .bss.g_serialHandle
                0x1fffe0a8        0x4 ./utilities/debug_console/fsl_debug_console.o
                0x1fffe0a8                g_serialHandle
 .bss.g_lastSw2IsrTick
                0x1fffe0ac        0x4 ./source/main.o
                0x1fffe0ac                g_lastSw2IsrTick
 .bss.g_lastSw3IsrTick
                0x1fffe0b0        0x4 ./source/main.o
                0x1fffe0b0                g_lastSw3IsrTick
 .bss.g_latestPacket
                0x1fffe0b4        0xc ./source/main.o
                0x1fffe0b4                g_latestPacket
 .bss.sensorQueue
                0x1fffe0c0        0x4 ./source/main.o
                0x1fffe0c0                sensorQueue
 .bss.buttonSema
                0x1fffe0c4        0x4 ./source/main.o
                0x1fffe0c4                buttonSema
 .bss.statusMutex
                0x1fffe0c8        0x4 ./source/main.o
                0x1fffe0c8                statusMutex
 .bss.ucHeap    0x1fffe0cc     0x2800 ./freertos/freertos-kernel/portable/MemMang/heap_4.o
 .bss.xStart    0x200008cc        0x8 ./freertos/freertos-kernel/portable/MemMang/heap_4.o
 .bss.pxEnd     0x200008d4        0x4 ./freertos/freertos-kernel/portable/MemMang/heap_4.o
 .bss.xFreeBytesRemaining
                0x200008d8        0x4 ./freertos/freertos-kernel/portable/MemMang/heap_4.o
 .bss.xMinimumEverFreeBytesRemaining
                0x200008dc        0x4 ./freertos/freertos-kernel/portable/MemMang/heap_4.o
 .bss.xNumberOfSuccessfulAllocations
                0x200008e0        0x4 ./freertos/freertos-kernel/portable/MemMang/heap_4.o
 .bss.xNumberOfSuccessfulFrees
                0x200008e4        0x4 ./freertos/freertos-kernel/portable/MemMang/heap_4.o
 .bss.xQueueRegistry
                0x200008e8       0x40 ./freertos/freertos-kernel/queue.o
                0x200008e8                xQueueRegistry
 .bss.pxCurrentTCB
                0x20000928        0x4 ./freertos/freertos-kernel/tasks.o
                0x20000928                pxCurrentTCB
 .bss.pxReadyTasksLists
                0x2000092c       0x64 ./freertos/freertos-kernel/tasks.o
 .bss.xDelayedTaskList1
                0x20000990       0x14 ./freertos/freertos-kernel/tasks.o
 .bss.xDelayedTaskList2
                0x200009a4       0x14 ./freertos/freertos-kernel/tasks.o
 .bss.pxDelayedTaskList
                0x200009b8        0x4 ./freertos/freertos-kernel/tasks.o
 .bss.pxOverflowDelayedTaskList
                0x200009bc        0x4 ./freertos/freertos-kernel/tasks.o
 .bss.xPendingReadyList
                0x200009c0       0x14 ./freertos/freertos-kernel/tasks.o
 .bss.xTasksWaitingTermination
                0x200009d4       0x14 ./freertos/freertos-kernel/tasks.o
 .bss.uxDeletedTasksWaitingCleanUp
                0x200009e8        0x4 ./freertos/freertos-kernel/tasks.o
 .bss.xSuspendedTaskList
                0x200009ec       0x14 ./freertos/freertos-kernel/tasks.o
 .bss.uxCurrentNumberOfTasks
                0x20000a00        0x4 ./freertos/freertos-kernel/tasks.o
 .bss.xTickCount
                0x20000a04        0x4 ./freertos/freertos-kernel/tasks.o
 .bss.uxTopReadyPriority
                0x20000a08        0x4 ./freertos/freertos-kernel/tasks.o
 .bss.xSchedulerRunning
                0x20000a0c        0x4 ./freertos/freertos-kernel/tasks.o
 .bss.xPendedTicks
                0x20000a10        0x4 ./freertos/freertos-kernel/tasks.o
 .bss.xYieldPendings
                0x20000a14        0x4 ./freertos/freertos-kernel/tasks.o
 .bss.xNumOfOverflows
                0x20000a18        0x4 ./freertos/freertos-kernel/tasks.o
 .bss.uxTaskNumber
                0x20000a1c        0x4 ./freertos/freertos-kernel/tasks.o
 .bss.xNextTaskUnblockTime
                0x20000a20        0x4 ./freertos/freertos-kernel/tasks.o
 .bss.xIdleTaskHandles
                0x20000a24        0x4 ./freertos/freertos-kernel/tasks.o
 .bss.uxSchedulerSuspended
                0x20000a28        0x4 ./freertos/freertos-kernel/tasks.o
 .bss.xActiveTimerList1
                0x20000a2c       0x14 ./freertos/freertos-kernel/timers.o
 .bss.xActiveTimerList2
                0x20000a40       0x14 ./freertos/freertos-kernel/timers.o
 .bss.pxCurrentTimerList
                0x20000a54        0x4 ./freertos/freertos-kernel/timers.o
 .bss.pxOverflowTimerList
                0x20000a58        0x4 ./freertos/freertos-kernel/timers.o
 .bss.xTimerQueue
                0x20000a5c        0x4 ./freertos/freertos-kernel/timers.o
 .bss.xTimerTaskHandle
                0x20000a60        0x4 ./freertos/freertos-kernel/timers.o
 .bss.xLastTime.0
                0x20000a64        0x4 ./freertos/freertos-kernel/timers.o
 .bss.g_xtal0Freq
                0x20000a68        0x4 ./drivers/fsl_clock.o
                0x20000a68                g_xtal0Freq
 .bss.g_xtal32Freq
                0x20000a6c        0x4 ./drivers/fsl_clock.o
                0x20000a6c                g_xtal32Freq
 .bss.s_lpuartHandle
                0x20000a70        0x8 ./drivers/fsl_lpuart.o
                0x20000a70                s_lpuartHandle
 .bss.s_lpuartIsr
                0x20000a78        0x8 ./drivers/fsl_lpuart.o
                0x20000a78                s_lpuartIsr
 .bss.errno     0x20000a80        0x4 /Applications/MCUXpressoIDE_25.6.136/ide/plugins/com.nxp.mcuxpresso.tools.macosx_25.6.0.202501151204/tools/bin/../lib/gcc/arm-none-eabi/14.2.1/../../../../arm-none-eabi/lib/thumb/v6-m/nofp/libcr_c.a(errno.o)
                0x20000a80                errno
 .bss.__Ciob    0x20000a84       0xb4 /Applications/MCUXpressoIDE_25.6.136/ide/plugins/com.nxp.mcuxpresso.tools.macosx_25.6.0.202501151204/tools/bin/../lib/gcc/arm-none-eabi/14.2.1/../../../../arm-none-eabi/lib/thumb/v6-m/nofp/libcr_nohost_nf.a(__ciob.o)
                0x20000a84                __Ciob
 .bss.g_adcValue
                0x20000b38        0x2 ./source/main.o
                0x20000b38                g_adcValue
 .bss.s_debugConsoleReadWaitSemaphore
                0x20000b3a        0x1 ./utilities/debug_console/fsl_debug_console.o
 .bss.g_adcDone
                0x20000b3b        0x1 ./source/main.o
                0x20000b3b                g_adcDone
 .bss.g_sw2StartPending
                0x20000b3c        0x1 ./source/main.o
                0x20000b3c                g_sw2StartPending
 .bss.g_sw3AckPending
                0x20000b3d        0x1 ./source/main.o
                0x20000b3d                g_sw3AckPending
 .bss.g_systemStarted
                0x20000b3e        0x1 ./source/main.o
                0x20000b3e                g_systemStarted
 .bss.g_alertLatched
                0x20000b3f        0x1 ./source/main.o
                0x20000b3f                g_alertLatched
 *(SORT_BY_ALIGNMENT(COMMON))
                0x20000b40                        . = ALIGN (0x4)
                0x20000b40                        _ebss = .
                [!provide]                        PROVIDE (__end_bss_RAM = .)
                [!provide]                        PROVIDE (__end_bss_SRAM = .)
                [!provide]                        PROVIDE (end = .)

.noinit         0x20000b40        0x0
                0x20000b40                        _noinit = .
                [!provide]                        PROVIDE (__start_noinit_RAM = .)
                [!provide]                        PROVIDE (__start_noinit_SRAM = .)
 *(SORT_BY_ALIGNMENT(.noinit*))
                0x20000b40                        . = ALIGN (0x4)
                0x20000b40                        _end_noinit = .
                [!provide]                        PROVIDE (__end_noinit_RAM = .)
                [!provide]                        PROVIDE (__end_noinit_SRAM = .)
                0x00000800                        _HeapSize = 0x800

.heap           0x20000b40      0x800
                0x20000b40                        _pvHeapStart = .
                0x20001340                        . = (. + _HeapSize)
 *fill*         0x20000b40      0x800 
                0x20001340                        . = ALIGN (0x4)
                0x20001340                        _pvHeapLimit = .
                0x00000800                        _StackSize = 0x800

.heap2stackfill
                0x20001340      0x800
                0x20001b40                        . = (. + _StackSize)
 *fill*         0x20001340      0x800 

.stack          0x20005800        0x0
                0x20005800                        _vStackBase = .
                0x20005800                        . = ALIGN (0x4)
                0x20006000                        _vStackTop = (. + _StackSize)
                0x00000000                        _image_start = LOADADDR (.text)
                0x0000690c                        _image_end = (LOADADDR (.data) + SIZEOF (.data))
                0x0000690c                        _image_size = (_image_end - _image_start)
OUTPUT(Final_Project_CG2271.axf elf32-littlearm)
LOAD linker stubs

.debug_info     0x00000000    0x11dee
 .debug_info    0x00000000      0xd5e ./utilities/str/fsl_str.o
 .debug_info    0x00000d5e      0xed5 ./utilities/debug_console/fsl_debug_console.o
 .debug_info    0x00001c33      0x135 ./utilities/fsl_assert.o
 .debug_info    0x00001d68      0x686 ./startup/startup_mcxc444.o
 .debug_info    0x000023ee     0x133f ./source/main.o
 .debug_info    0x0000372d       0x53 ./source/mtb.o
 .debug_info    0x00003780       0x3c ./source/semihost_hardfault.o
 .debug_info    0x000037bc      0x4db ./freertos/freertos-kernel/portable/MemMang/heap_4.o
 .debug_info    0x00003c97      0x335 ./freertos/freertos-kernel/portable/GCC/ARM_CM0/port.o
 .debug_info    0x00003fcc      0x150 ./freertos/freertos-kernel/portable/GCC/ARM_CM0/portasm.o
 .debug_info    0x0000411c      0x2b9 ./freertos/freertos-kernel/list.o
 .debug_info    0x000043d5     0x13b2 ./freertos/freertos-kernel/queue.o
 .debug_info    0x00005787     0x225e ./freertos/freertos-kernel/tasks.o
 .debug_info    0x000079e5      0xf5d ./freertos/freertos-kernel/timers.o
 .debug_info    0x00008942     0x1391 ./drivers/fsl_clock.o
 .debug_info    0x00009cd3     0x1f91 ./drivers/fsl_lpuart.o
 .debug_info    0x0000bc64      0x42a ./device/system_MCXC444.o
 .debug_info    0x0000c08e      0xb1e ./component/uart/fsl_adapter_lpuart.o
 .debug_info    0x0000cbac      0xdd2 ./component/serial_manager/fsl_component_serial_manager.o
 .debug_info    0x0000d97e      0x558 ./component/serial_manager/fsl_component_serial_port_uart.o
 .debug_info    0x0000ded6      0x411 ./board/board.o
 .debug_info    0x0000e2e7      0xa96 ./board/clock_config.o
 .debug_info    0x0000ed7d       0x9b ./board/peripherals.o
 .debug_info    0x0000ee18      0x589 ./board/pin_mux.o
 .debug_info    0x0000f3a1       0x85 /Applications/MCUXpressoIDE_25.6.136/ide/plugins/com.nxp.mcuxpresso.tools.macosx_25.6.0.202501151204/tools/bin/../lib/gcc/arm-none-eabi/14.2.1/../../../../arm-none-eabi/lib/thumb/v6-m/nofp/libcr_nohost_nf.a(_cr__main.o)
 .debug_info    0x0000f426      0x12b /Applications/MCUXpressoIDE_25.6.136/ide/plugins/com.nxp.mcuxpresso.tools.macosx_25.6.0.202501151204/tools/bin/../lib/gcc/arm-none-eabi/14.2.1/../../../../arm-none-eabi/lib/thumb/v6-m/nofp/libcr_c.a(memcpy.o)
 .debug_info    0x0000f551       0xfc /Applications/MCUXpressoIDE_25.6.136/ide/plugins/com.nxp.mcuxpresso.tools.macosx_25.6.0.202501151204/tools/bin/../lib/gcc/arm-none-eabi/14.2.1/../../../../arm-none-eabi/lib/thumb/v6-m/nofp/libcr_c.a(memset.o)
 .debug_info    0x0000f64d      0x526 /Applications/MCUXpressoIDE_25.6.136/ide/plugins/com.nxp.mcuxpresso.tools.macosx_25.6.0.202501151204/tools/bin/../lib/gcc/arm-none-eabi/14.2.1/../../../../arm-none-eabi/lib/thumb/v6-m/nofp/libcr_c.a(alloc.o)
 .debug_info    0x0000fb73       0x44 /Applications/MCUXpressoIDE_25.6.136/ide/plugins/com.nxp.mcuxpresso.tools.macosx_25.6.0.202501151204/tools/bin/../lib/gcc/arm-none-eabi/14.2.1/../../../../arm-none-eabi/lib/thumb/v6-m/nofp/libcr_c.a(errno.o)
 .debug_info    0x0000fbb7      0x353 /Applications/MCUXpressoIDE_25.6.136/ide/plugins/com.nxp.mcuxpresso.tools.macosx_25.6.0.202501151204/tools/bin/../lib/gcc/arm-none-eabi/14.2.1/../../../../arm-none-eabi/lib/thumb/v6-m/nofp/libcr_c.a(initio.o)
 .debug_info    0x0000ff0a      0x1fd /Applications/MCUXpressoIDE_25.6.136/ide/plugins/com.nxp.mcuxpresso.tools.macosx_25.6.0.202501151204/tools/bin/../lib/gcc/arm-none-eabi/14.2.1/../../../../arm-none-eabi/lib/thumb/v6-m/nofp/libcr_c.a(setvbuf.o)
 .debug_info    0x00010107       0xdd /Applications/MCUXpressoIDE_25.6.136/ide/plugins/com.nxp.mcuxpresso.tools.macosx_25.6.0.202501151204/tools/bin/../lib/gcc/arm-none-eabi/14.2.1/../../../../arm-none-eabi/lib/thumb/v6-m/nofp/libcr_c.a(strlen.o)
 .debug_info    0x000101e4      0x391 /Applications/MCUXpressoIDE_25.6.136/ide/plugins/com.nxp.mcuxpresso.tools.macosx_25.6.0.202501151204/tools/bin/../lib/gcc/arm-none-eabi/14.2.1/../../../../arm-none-eabi/lib/thumb/v6-m/nofp/libcr_c.a(_deferredlazyseek.o)
 .debug_info    0x00010575      0x24b /Applications/MCUXpressoIDE_25.6.136/ide/plugins/com.nxp.mcuxpresso.tools.macosx_25.6.0.202501151204/tools/bin/../lib/gcc/arm-none-eabi/14.2.1/../../../../arm-none-eabi/lib/thumb/v6-m/nofp/libcr_c.a(_fdopen.o)
 .debug_info    0x000107c0      0x1ea /Applications/MCUXpressoIDE_25.6.136/ide/plugins/com.nxp.mcuxpresso.tools.macosx_25.6.0.202501151204/tools/bin/../lib/gcc/arm-none-eabi/14.2.1/../../../../arm-none-eabi/lib/thumb/v6-m/nofp/libcr_c.a(_fflush.o)
 .debug_info    0x000109aa      0x28a /Applications/MCUXpressoIDE_25.6.136/ide/plugins/com.nxp.mcuxpresso.tools.macosx_25.6.0.202501151204/tools/bin/../lib/gcc/arm-none-eabi/14.2.1/../../../../arm-none-eabi/lib/thumb/v6-m/nofp/libcr_c.a(_writebuf.o)
 .debug_info    0x00010c34      0x325 /Applications/MCUXpressoIDE_25.6.136/ide/plugins/com.nxp.mcuxpresso.tools.macosx_25.6.0.202501151204/tools/bin/../lib/gcc/arm-none-eabi/14.2.1/../../../../arm-none-eabi/lib/thumb/v6-m/nofp/libcr_c.a(fclose.o)
 .debug_info    0x00010f59      0x210 /Applications/MCUXpressoIDE_25.6.136/ide/plugins/com.nxp.mcuxpresso.tools.macosx_25.6.0.202501151204/tools/bin/../lib/gcc/arm-none-eabi/14.2.1/../../../../arm-none-eabi/lib/thumb/v6-m/nofp/libcr_c.a(fflush.o)
 .debug_info    0x00011169      0x27f /Applications/MCUXpressoIDE_25.6.136/ide/plugins/com.nxp.mcuxpresso.tools.macosx_25.6.0.202501151204/tools/bin/../lib/gcc/arm-none-eabi/14.2.1/../../../../arm-none-eabi/lib/thumb/v6-m/nofp/libcr_c.a(fseek.o)
 .debug_info    0x000113e8      0x197 /Applications/MCUXpressoIDE_25.6.136/ide/plugins/com.nxp.mcuxpresso.tools.macosx_25.6.0.202501151204/tools/bin/../lib/gcc/arm-none-eabi/14.2.1/../../../../arm-none-eabi/lib/thumb/v6-m/nofp/libcr_c.a(ftell.o)
 .debug_info    0x0001157f      0x1d0 /Applications/MCUXpressoIDE_25.6.136/ide/plugins/com.nxp.mcuxpresso.tools.macosx_25.6.0.202501151204/tools/bin/../lib/gcc/arm-none-eabi/14.2.1/../../../../arm-none-eabi/lib/thumb/v6-m/nofp/libcr_c.a(remove.o)
 .debug_info    0x0001174f      0x241 /Applications/MCUXpressoIDE_25.6.136/ide/plugins/com.nxp.mcuxpresso.tools.macosx_25.6.0.202501151204/tools/bin/../lib/gcc/arm-none-eabi/14.2.1/../../../../arm-none-eabi/lib/thumb/v6-m/nofp/libcr_c.a(_do_fflush.o)
 .debug_info    0x00011990      0x18b /Applications/MCUXpressoIDE_25.6.136/ide/plugins/com.nxp.mcuxpresso.tools.macosx_25.6.0.202501151204/tools/bin/../lib/gcc/arm-none-eabi/14.2.1/../../../../arm-none-eabi/lib/thumb/v6-m/nofp/libcr_nohost_nf.a(__ciob.o)
 .debug_info    0x00011b1b       0x6a /Applications/MCUXpressoIDE_25.6.136/ide/plugins/com.nxp.mcuxpresso.tools.macosx_25.6.0.202501151204/tools/bin/../lib/gcc/arm-none-eabi/14.2.1/../../../../arm-none-eabi/lib/thumb/v6-m/nofp/libcr_nohost_nf.a(__sys_close.o)
 .debug_info    0x00011b85       0x6a /Applications/MCUXpressoIDE_25.6.136/ide/plugins/com.nxp.mcuxpresso.tools.macosx_25.6.0.202501151204/tools/bin/../lib/gcc/arm-none-eabi/14.2.1/../../../../arm-none-eabi/lib/thumb/v6-m/nofp/libcr_nohost_nf.a(__sys_flen.o)
 .debug_info    0x00011bef       0x6a /Applications/MCUXpressoIDE_25.6.136/ide/plugins/com.nxp.mcuxpresso.tools.macosx_25.6.0.202501151204/tools/bin/../lib/gcc/arm-none-eabi/14.2.1/../../../../arm-none-eabi/lib/thumb/v6-m/nofp/libcr_nohost_nf.a(__sys_istty.o)
 .debug_info    0x00011c59       0x8a /Applications/MCUXpressoIDE_25.6.136/ide/plugins/com.nxp.mcuxpresso.tools.macosx_25.6.0.202501151204/tools/bin/../lib/gcc/arm-none-eabi/14.2.1/../../../../arm-none-eabi/lib/thumb/v6-m/nofp/libcr_nohost_nf.a(__sys_remove.o)
 .debug_info    0x00011ce3       0x78 /Applications/MCUXpressoIDE_25.6.136/ide/plugins/com.nxp.mcuxpresso.tools.macosx_25.6.0.202501151204/tools/bin/../lib/gcc/arm-none-eabi/14.2.1/../../../../arm-none-eabi/lib/thumb/v6-m/nofp/libcr_nohost_nf.a(__sys_seek.o)
 .debug_info    0x00011d5b       0x93 /Applications/MCUXpressoIDE_25.6.136/ide/plugins/com.nxp.mcuxpresso.tools.macosx_25.6.0.202501151204/tools/bin/../lib/gcc/arm-none-eabi/14.2.1/../../../../arm-none-eabi/lib/thumb/v6-m/nofp/libcr_nohost_nf.a(__sys_tmpnam.o)

.debug_abbrev   0x00000000     0x429f
 .debug_abbrev  0x00000000      0x270 ./utilities/str/fsl_str.o
 .debug_abbrev  0x00000270      0x28e ./utilities/debug_console/fsl_debug_console.o
 .debug_abbrev  0x000004fe       0xbd ./utilities/fsl_assert.o
 .debug_abbrev  0x000005bb      0x1a7 ./startup/startup_mcxc444.o
 .debug_abbrev  0x00000762      0x3c2 ./source/main.o
 .debug_abbrev  0x00000b24       0x46 ./source/mtb.o
 .debug_abbrev  0x00000b6a       0x31 ./source/semihost_hardfault.o
 .debug_abbrev  0x00000b9b      0x1ec ./freertos/freertos-kernel/portable/MemMang/heap_4.o
 .debug_abbrev  0x00000d87      0x1ba ./freertos/freertos-kernel/portable/GCC/ARM_CM0/port.o
 .debug_abbrev  0x00000f41       0xb9 ./freertos/freertos-kernel/portable/GCC/ARM_CM0/portasm.o
 .debug_abbrev  0x00000ffa       0xeb ./freertos/freertos-kernel/list.o
 .debug_abbrev  0x000010e5      0x2bd ./freertos/freertos-kernel/queue.o
 .debug_abbrev  0x000013a2      0x30f ./freertos/freertos-kernel/tasks.o
 .debug_abbrev  0x000016b1      0x2c1 ./freertos/freertos-kernel/timers.o
 .debug_abbrev  0x00001972      0x2e0 ./drivers/fsl_clock.o
 .debug_abbrev  0x00001c52      0x406 ./drivers/fsl_lpuart.o
 .debug_abbrev  0x00002058      0x139 ./device/system_MCXC444.o
 .debug_abbrev  0x00002191      0x1e7 ./component/uart/fsl_adapter_lpuart.o
 .debug_abbrev  0x00002378      0x2be ./component/serial_manager/fsl_component_serial_manager.o
 .debug_abbrev  0x00002636      0x18c ./component/serial_manager/fsl_component_serial_port_uart.o
 .debug_abbrev  0x000027c2      0x163 ./board/board.o
 .debug_abbrev  0x00002925      0x1e0 ./board/clock_config.o
 .debug_abbrev  0x00002b05       0x61 ./board/peripherals.o
 .debug_abbrev  0x00002b66      0x1a3 ./board/pin_mux.o
 .debug_abbrev  0x00002d09       0x62 /Applications/MCUXpressoIDE_25.6.136/ide/plugins/com.nxp.mcuxpresso.tools.macosx_25.6.0.202501151204/tools/bin/../lib/gcc/arm-none-eabi/14.2.1/../../../../arm-none-eabi/lib/thumb/v6-m/nofp/libcr_nohost_nf.a(_cr__main.o)
 .debug_abbrev  0x00002d6b       0xb3 /Applications/MCUXpressoIDE_25.6.136/ide/plugins/com.nxp.mcuxpresso.tools.macosx_25.6.0.202501151204/tools/bin/../lib/gcc/arm-none-eabi/14.2.1/../../../../arm-none-eabi/lib/thumb/v6-m/nofp/libcr_c.a(memcpy.o)
 .debug_abbrev  0x00002e1e       0xa5 /Applications/MCUXpressoIDE_25.6.136/ide/plugins/com.nxp.mcuxpresso.tools.macosx_25.6.0.202501151204/tools/bin/../lib/gcc/arm-none-eabi/14.2.1/../../../../arm-none-eabi/lib/thumb/v6-m/nofp/libcr_c.a(memset.o)
 .debug_abbrev  0x00002ec3      0x27b /Applications/MCUXpressoIDE_25.6.136/ide/plugins/com.nxp.mcuxpresso.tools.macosx_25.6.0.202501151204/tools/bin/../lib/gcc/arm-none-eabi/14.2.1/../../../../arm-none-eabi/lib/thumb/v6-m/nofp/libcr_c.a(alloc.o)
 .debug_abbrev  0x0000313e       0x44 /Applications/MCUXpressoIDE_25.6.136/ide/plugins/com.nxp.mcuxpresso.tools.macosx_25.6.0.202501151204/tools/bin/../lib/gcc/arm-none-eabi/14.2.1/../../../../arm-none-eabi/lib/thumb/v6-m/nofp/libcr_c.a(errno.o)
 .debug_abbrev  0x00003182      0x14b /Applications/MCUXpressoIDE_25.6.136/ide/plugins/com.nxp.mcuxpresso.tools.macosx_25.6.0.202501151204/tools/bin/../lib/gcc/arm-none-eabi/14.2.1/../../../../arm-none-eabi/lib/thumb/v6-m/nofp/libcr_c.a(initio.o)
 .debug_abbrev  0x000032cd       0xe1 /Applications/MCUXpressoIDE_25.6.136/ide/plugins/com.nxp.mcuxpresso.tools.macosx_25.6.0.202501151204/tools/bin/../lib/gcc/arm-none-eabi/14.2.1/../../../../arm-none-eabi/lib/thumb/v6-m/nofp/libcr_c.a(setvbuf.o)
 .debug_abbrev  0x000033ae       0xa5 /Applications/MCUXpressoIDE_25.6.136/ide/plugins/com.nxp.mcuxpresso.tools.macosx_25.6.0.202501151204/tools/bin/../lib/gcc/arm-none-eabi/14.2.1/../../../../arm-none-eabi/lib/thumb/v6-m/nofp/libcr_c.a(strlen.o)
 .debug_abbrev  0x00003453      0x183 /Applications/MCUXpressoIDE_25.6.136/ide/plugins/com.nxp.mcuxpresso.tools.macosx_25.6.0.202501151204/tools/bin/../lib/gcc/arm-none-eabi/14.2.1/../../../../arm-none-eabi/lib/thumb/v6-m/nofp/libcr_c.a(_deferredlazyseek.o)
 .debug_abbrev  0x000035d6      0x119 /Applications/MCUXpressoIDE_25.6.136/ide/plugins/com.nxp.mcuxpresso.tools.macosx_25.6.0.202501151204/tools/bin/../lib/gcc/arm-none-eabi/14.2.1/../../../../arm-none-eabi/lib/thumb/v6-m/nofp/libcr_c.a(_fdopen.o)
 .debug_abbrev  0x000036ef       0xf1 /Applications/MCUXpressoIDE_25.6.136/ide/plugins/com.nxp.mcuxpresso.tools.macosx_25.6.0.202501151204/tools/bin/../lib/gcc/arm-none-eabi/14.2.1/../../../../arm-none-eabi/lib/thumb/v6-m/nofp/libcr_c.a(_fflush.o)
 .debug_abbrev  0x000037e0      0x126 /Applications/MCUXpressoIDE_25.6.136/ide/plugins/com.nxp.mcuxpresso.tools.macosx_25.6.0.202501151204/tools/bin/../lib/gcc/arm-none-eabi/14.2.1/../../../../arm-none-eabi/lib/thumb/v6-m/nofp/libcr_c.a(_writebuf.o)
 .debug_abbrev  0x00003906      0x158 /Applications/MCUXpressoIDE_25.6.136/ide/plugins/com.nxp.mcuxpresso.tools.macosx_25.6.0.202501151204/tools/bin/../lib/gcc/arm-none-eabi/14.2.1/../../../../arm-none-eabi/lib/thumb/v6-m/nofp/libcr_c.a(fclose.o)
 .debug_abbrev  0x00003a5e      0x122 /Applications/MCUXpressoIDE_25.6.136/ide/plugins/com.nxp.mcuxpresso.tools.macosx_25.6.0.202501151204/tools/bin/../lib/gcc/arm-none-eabi/14.2.1/../../../../arm-none-eabi/lib/thumb/v6-m/nofp/libcr_c.a(fflush.o)
 .debug_abbrev  0x00003b80      0x11b /Applications/MCUXpressoIDE_25.6.136/ide/plugins/com.nxp.mcuxpresso.tools.macosx_25.6.0.202501151204/tools/bin/../lib/gcc/arm-none-eabi/14.2.1/../../../../arm-none-eabi/lib/thumb/v6-m/nofp/libcr_c.a(fseek.o)
 .debug_abbrev  0x00003c9b       0xc2 /Applications/MCUXpressoIDE_25.6.136/ide/plugins/com.nxp.mcuxpresso.tools.macosx_25.6.0.202501151204/tools/bin/../lib/gcc/arm-none-eabi/14.2.1/../../../../arm-none-eabi/lib/thumb/v6-m/nofp/libcr_c.a(ftell.o)
 .debug_abbrev  0x00003d5d       0xed /Applications/MCUXpressoIDE_25.6.136/ide/plugins/com.nxp.mcuxpresso.tools.macosx_25.6.0.202501151204/tools/bin/../lib/gcc/arm-none-eabi/14.2.1/../../../../arm-none-eabi/lib/thumb/v6-m/nofp/libcr_c.a(remove.o)
 .debug_abbrev  0x00003e4a      0x12c /Applications/MCUXpressoIDE_25.6.136/ide/plugins/com.nxp.mcuxpresso.tools.macosx_25.6.0.202501151204/tools/bin/../lib/gcc/arm-none-eabi/14.2.1/../../../../arm-none-eabi/lib/thumb/v6-m/nofp/libcr_c.a(_do_fflush.o)
 .debug_abbrev  0x00003f76       0xb5 /Applications/MCUXpressoIDE_25.6.136/ide/plugins/com.nxp.mcuxpresso.tools.macosx_25.6.0.202501151204/tools/bin/../lib/gcc/arm-none-eabi/14.2.1/../../../../arm-none-eabi/lib/thumb/v6-m/nofp/libcr_nohost_nf.a(__ciob.o)
 .debug_abbrev  0x0000402b       0x5c /Applications/MCUXpressoIDE_25.6.136/ide/plugins/com.nxp.mcuxpresso.tools.macosx_25.6.0.202501151204/tools/bin/../lib/gcc/arm-none-eabi/14.2.1/../../../../arm-none-eabi/lib/thumb/v6-m/nofp/libcr_nohost_nf.a(__sys_close.o)
 .debug_abbrev  0x00004087       0x5c /Applications/MCUXpressoIDE_25.6.136/ide/plugins/com.nxp.mcuxpresso.tools.macosx_25.6.0.202501151204/tools/bin/../lib/gcc/arm-none-eabi/14.2.1/../../../../arm-none-eabi/lib/thumb/v6-m/nofp/libcr_nohost_nf.a(__sys_flen.o)
 .debug_abbrev  0x000040e3       0x5c /Applications/MCUXpressoIDE_25.6.136/ide/plugins/com.nxp.mcuxpresso.tools.macosx_25.6.0.202501151204/tools/bin/../lib/gcc/arm-none-eabi/14.2.1/../../../../arm-none-eabi/lib/thumb/v6-m/nofp/libcr_nohost_nf.a(__sys_istty.o)
 .debug_abbrev  0x0000413f       0x7d /Applications/MCUXpressoIDE_25.6.136/ide/plugins/com.nxp.mcuxpresso.tools.macosx_25.6.0.202501151204/tools/bin/../lib/gcc/arm-none-eabi/14.2.1/../../../../arm-none-eabi/lib/thumb/v6-m/nofp/libcr_nohost_nf.a(__sys_remove.o)
 .debug_abbrev  0x000041bc       0x6d /Applications/MCUXpressoIDE_25.6.136/ide/plugins/com.nxp.mcuxpresso.tools.macosx_25.6.0.202501151204/tools/bin/../lib/gcc/arm-none-eabi/14.2.1/../../../../arm-none-eabi/lib/thumb/v6-m/nofp/libcr_nohost_nf.a(__sys_seek.o)
 .debug_abbrev  0x00004229       0x76 /Applications/MCUXpressoIDE_25.6.136/ide/plugins/com.nxp.mcuxpresso.tools.macosx_25.6.0.202501151204/tools/bin/../lib/gcc/arm-none-eabi/14.2.1/../../../../arm-none-eabi/lib/thumb/v6-m/nofp/libcr_nohost_nf.a(__sys_tmpnam.o)

.debug_aranges  0x00000000     0x1220
 .debug_aranges
                0x00000000       0xe8 ./utilities/str/fsl_str.o
 .debug_aranges
                0x000000e8       0xb8 ./utilities/debug_console/fsl_debug_console.o
 .debug_aranges
                0x000001a0       0x28 ./utilities/fsl_assert.o
 .debug_aranges
                0x000001c8      0x160 ./startup/startup_mcxc444.o
 .debug_aranges
                0x00000328       0xc0 ./source/main.o
 .debug_aranges
                0x000003e8       0x18 ./source/mtb.o
 .debug_aranges
                0x00000400       0x20 ./source/semihost_hardfault.o
 .debug_aranges
                0x00000420       0x70 ./freertos/freertos-kernel/portable/MemMang/heap_4.o
 .debug_aranges
                0x00000490       0x70 ./freertos/freertos-kernel/portable/GCC/ARM_CM0/port.o
 .debug_aranges
                0x00000500       0x60 ./freertos/freertos-kernel/portable/GCC/ARM_CM0/portasm.o
 .debug_aranges
                0x00000560       0x40 ./freertos/freertos-kernel/list.o
 .debug_aranges
                0x000005a0      0x140 ./freertos/freertos-kernel/queue.o
 .debug_aranges
                0x000006e0      0x238 ./freertos/freertos-kernel/tasks.o
 .debug_aranges
                0x00000918      0x108 ./freertos/freertos-kernel/timers.o
 .debug_aranges
                0x00000a20       0xd0 ./drivers/fsl_clock.o
 .debug_aranges
                0x00000af0      0x190 ./drivers/fsl_lpuart.o
 .debug_aranges
                0x00000c80       0x30 ./device/system_MCXC444.o
 .debug_aranges
                0x00000cb0       0x58 ./component/uart/fsl_adapter_lpuart.o
 .debug_aranges
                0x00000d08       0xa0 ./component/serial_manager/fsl_component_serial_manager.o
 .debug_aranges
                0x00000da8       0x48 ./component/serial_manager/fsl_component_serial_port_uart.o
 .debug_aranges
                0x00000df0       0x28 ./board/board.o
 .debug_aranges
                0x00000e18       0x48 ./board/clock_config.o
 .debug_aranges
                0x00000e60       0x28 ./board/peripherals.o
 .debug_aranges
                0x00000e88       0x50 ./board/pin_mux.o
 .debug_aranges
                0x00000ed8       0x20 /Applications/MCUXpressoIDE_25.6.136/ide/plugins/com.nxp.mcuxpresso.tools.macosx_25.6.0.202501151204/tools/bin/../lib/gcc/arm-none-eabi/14.2.1/../../../../arm-none-eabi/lib/thumb/v6-m/nofp/libcr_nohost_nf.a(_cr__main.o)
 .debug_aranges
                0x00000ef8       0x20 /Applications/MCUXpressoIDE_25.6.136/ide/plugins/com.nxp.mcuxpresso.tools.macosx_25.6.0.202501151204/tools/bin/../lib/gcc/arm-none-eabi/14.2.1/../../../../arm-none-eabi/lib/thumb/v6-m/nofp/libcr_c.a(memcpy.o)
 .debug_aranges
                0x00000f18       0x20 /Applications/MCUXpressoIDE_25.6.136/ide/plugins/com.nxp.mcuxpresso.tools.macosx_25.6.0.202501151204/tools/bin/../lib/gcc/arm-none-eabi/14.2.1/../../../../arm-none-eabi/lib/thumb/v6-m/nofp/libcr_c.a(memset.o)
 .debug_aranges
                0x00000f38       0x40 /Applications/MCUXpressoIDE_25.6.136/ide/plugins/com.nxp.mcuxpresso.tools.macosx_25.6.0.202501151204/tools/bin/../lib/gcc/arm-none-eabi/14.2.1/../../../../arm-none-eabi/lib/thumb/v6-m/nofp/libcr_c.a(alloc.o)
 .debug_aranges
                0x00000f78       0x18 /Applications/MCUXpressoIDE_25.6.136/ide/plugins/com.nxp.mcuxpresso.tools.macosx_25.6.0.202501151204/tools/bin/../lib/gcc/arm-none-eabi/14.2.1/../../../../arm-none-eabi/lib/thumb/v6-m/nofp/libcr_c.a(errno.o)
 .debug_aranges
                0x00000f90       0x28 /Applications/MCUXpressoIDE_25.6.136/ide/plugins/com.nxp.mcuxpresso.tools.macosx_25.6.0.202501151204/tools/bin/../lib/gcc/arm-none-eabi/14.2.1/../../../../arm-none-eabi/lib/thumb/v6-m/nofp/libcr_c.a(initio.o)
 .debug_aranges
                0x00000fb8       0x20 /Applications/MCUXpressoIDE_25.6.136/ide/plugins/com.nxp.mcuxpresso.tools.macosx_25.6.0.202501151204/tools/bin/../lib/gcc/arm-none-eabi/14.2.1/../../../../arm-none-eabi/lib/thumb/v6-m/nofp/libcr_c.a(setvbuf.o)
 .debug_aranges
                0x00000fd8       0x20 /Applications/MCUXpressoIDE_25.6.136/ide/plugins/com.nxp.mcuxpresso.tools.macosx_25.6.0.202501151204/tools/bin/../lib/gcc/arm-none-eabi/14.2.1/../../../../arm-none-eabi/lib/thumb/v6-m/nofp/libcr_c.a(strlen.o)
 .debug_aranges
                0x00000ff8       0x28 /Applications/MCUXpressoIDE_25.6.136/ide/plugins/com.nxp.mcuxpresso.tools.macosx_25.6.0.202501151204/tools/bin/../lib/gcc/arm-none-eabi/14.2.1/../../../../arm-none-eabi/lib/thumb/v6-m/nofp/libcr_c.a(_deferredlazyseek.o)
 .debug_aranges
                0x00001020       0x20 /Applications/MCUXpressoIDE_25.6.136/ide/plugins/com.nxp.mcuxpresso.tools.macosx_25.6.0.202501151204/tools/bin/../lib/gcc/arm-none-eabi/14.2.1/../../../../arm-none-eabi/lib/thumb/v6-m/nofp/libcr_c.a(_fdopen.o)
 .debug_aranges
                0x00001040       0x20 /Applications/MCUXpressoIDE_25.6.136/ide/plugins/com.nxp.mcuxpresso.tools.macosx_25.6.0.202501151204/tools/bin/../lib/gcc/arm-none-eabi/14.2.1/../../../../arm-none-eabi/lib/thumb/v6-m/nofp/libcr_c.a(_fflush.o)
 .debug_aranges
                0x00001060       0x20 /Applications/MCUXpressoIDE_25.6.136/ide/plugins/com.nxp.mcuxpresso.tools.macosx_25.6.0.202501151204/tools/bin/../lib/gcc/arm-none-eabi/14.2.1/../../../../arm-none-eabi/lib/thumb/v6-m/nofp/libcr_c.a(_writebuf.o)
 .debug_aranges
                0x00001080       0x20 /Applications/MCUXpressoIDE_25.6.136/ide/plugins/com.nxp.mcuxpresso.tools.macosx_25.6.0.202501151204/tools/bin/../lib/gcc/arm-none-eabi/14.2.1/../../../../arm-none-eabi/lib/thumb/v6-m/nofp/libcr_c.a(fclose.o)
 .debug_aranges
                0x000010a0       0x20 /Applications/MCUXpressoIDE_25.6.136/ide/plugins/com.nxp.mcuxpresso.tools.macosx_25.6.0.202501151204/tools/bin/../lib/gcc/arm-none-eabi/14.2.1/../../../../arm-none-eabi/lib/thumb/v6-m/nofp/libcr_c.a(fflush.o)
 .debug_aranges
                0x000010c0       0x20 /Applications/MCUXpressoIDE_25.6.136/ide/plugins/com.nxp.mcuxpresso.tools.macosx_25.6.0.202501151204/tools/bin/../lib/gcc/arm-none-eabi/14.2.1/../../../../arm-none-eabi/lib/thumb/v6-m/nofp/libcr_c.a(fseek.o)
 .debug_aranges
                0x000010e0       0x20 /Applications/MCUXpressoIDE_25.6.136/ide/plugins/com.nxp.mcuxpresso.tools.macosx_25.6.0.202501151204/tools/bin/../lib/gcc/arm-none-eabi/14.2.1/../../../../arm-none-eabi/lib/thumb/v6-m/nofp/libcr_c.a(ftell.o)
 .debug_aranges
                0x00001100       0x28 /Applications/MCUXpressoIDE_25.6.136/ide/plugins/com.nxp.mcuxpresso.tools.macosx_25.6.0.202501151204/tools/bin/../lib/gcc/arm-none-eabi/14.2.1/../../../../arm-none-eabi/lib/thumb/v6-m/nofp/libcr_c.a(remove.o)
 .debug_aranges
                0x00001128       0x20 /Applications/MCUXpressoIDE_25.6.136/ide/plugins/com.nxp.mcuxpresso.tools.macosx_25.6.0.202501151204/tools/bin/../lib/gcc/arm-none-eabi/14.2.1/../../../../arm-none-eabi/lib/thumb/v6-m/nofp/libcr_c.a(_do_fflush.o)
 .debug_aranges
                0x00001148       0x18 /Applications/MCUXpressoIDE_25.6.136/ide/plugins/com.nxp.mcuxpresso.tools.macosx_25.6.0.202501151204/tools/bin/../lib/gcc/arm-none-eabi/14.2.1/../../../../arm-none-eabi/lib/thumb/v6-m/nofp/libcr_nohost_nf.a(__ciob.o)
 .debug_aranges
                0x00001160       0x20 /Applications/MCUXpressoIDE_25.6.136/ide/plugins/com.nxp.mcuxpresso.tools.macosx_25.6.0.202501151204/tools/bin/../lib/gcc/arm-none-eabi/14.2.1/../../../../arm-none-eabi/lib/thumb/v6-m/nofp/libcr_nohost_nf.a(__sys_close.o)
 .debug_aranges
                0x00001180       0x20 /Applications/MCUXpressoIDE_25.6.136/ide/plugins/com.nxp.mcuxpresso.tools.macosx_25.6.0.202501151204/tools/bin/../lib/gcc/arm-none-eabi/14.2.1/../../../../arm-none-eabi/lib/thumb/v6-m/nofp/libcr_nohost_nf.a(__sys_flen.o)
 .debug_aranges
                0x000011a0       0x20 /Applications/MCUXpressoIDE_25.6.136/ide/plugins/com.nxp.mcuxpresso.tools.macosx_25.6.0.202501151204/tools/bin/../lib/gcc/arm-none-eabi/14.2.1/../../../../arm-none-eabi/lib/thumb/v6-m/nofp/libcr_nohost_nf.a(__sys_istty.o)
 .debug_aranges
                0x000011c0       0x20 /Applications/MCUXpressoIDE_25.6.136/ide/plugins/com.nxp.mcuxpresso.tools.macosx_25.6.0.202501151204/tools/bin/../lib/gcc/arm-none-eabi/14.2.1/../../../../arm-none-eabi/lib/thumb/v6-m/nofp/libcr_nohost_nf.a(__sys_remove.o)
 .debug_aranges
                0x000011e0       0x20 /Applications/MCUXpressoIDE_25.6.136/ide/plugins/com.nxp.mcuxpresso.tools.macosx_25.6.0.202501151204/tools/bin/../lib/gcc/arm-none-eabi/14.2.1/../../../../arm-none-eabi/lib/thumb/v6-m/nofp/libcr_nohost_nf.a(__sys_seek.o)
 .debug_aranges
                0x00001200       0x20 /Applications/MCUXpressoIDE_25.6.136/ide/plugins/com.nxp.mcuxpresso.tools.macosx_25.6.0.202501151204/tools/bin/../lib/gcc/arm-none-eabi/14.2.1/../../../../arm-none-eabi/lib/thumb/v6-m/nofp/libcr_nohost_nf.a(__sys_tmpnam.o)

.debug_ranges   0x00000000     0x1000
 .debug_ranges  0x00000000      0x108 ./utilities/str/fsl_str.o
 .debug_ranges  0x00000108       0xa8 ./utilities/debug_console/fsl_debug_console.o
 .debug_ranges  0x000001b0       0x18 ./utilities/fsl_assert.o
 .debug_ranges  0x000001c8      0x150 ./startup/startup_mcxc444.o
 .debug_ranges  0x00000318       0xb0 ./source/main.o
 .debug_ranges  0x000003c8       0x10 ./source/semihost_hardfault.o
 .debug_ranges  0x000003d8       0x60 ./freertos/freertos-kernel/portable/MemMang/heap_4.o
 .debug_ranges  0x00000438       0x60 ./freertos/freertos-kernel/portable/GCC/ARM_CM0/port.o
 .debug_ranges  0x00000498       0x50 ./freertos/freertos-kernel/portable/GCC/ARM_CM0/portasm.o
 .debug_ranges  0x000004e8       0x30 ./freertos/freertos-kernel/list.o
 .debug_ranges  0x00000518      0x130 ./freertos/freertos-kernel/queue.o
 .debug_ranges  0x00000648      0x248 ./freertos/freertos-kernel/tasks.o
 .debug_ranges  0x00000890       0xf8 ./freertos/freertos-kernel/timers.o
 .debug_ranges  0x00000988       0xc0 ./drivers/fsl_clock.o
 .debug_ranges  0x00000a48      0x180 ./drivers/fsl_lpuart.o
 .debug_ranges  0x00000bc8       0x20 ./device/system_MCXC444.o
 .debug_ranges  0x00000be8       0x48 ./component/uart/fsl_adapter_lpuart.o
 .debug_ranges  0x00000c30       0x90 ./component/serial_manager/fsl_component_serial_manager.o
 .debug_ranges  0x00000cc0       0x38 ./component/serial_manager/fsl_component_serial_port_uart.o
 .debug_ranges  0x00000cf8       0x18 ./board/board.o
 .debug_ranges  0x00000d10       0x38 ./board/clock_config.o
 .debug_ranges  0x00000d48       0x18 ./board/peripherals.o
 .debug_ranges  0x00000d60       0x40 ./board/pin_mux.o
 .debug_ranges  0x00000da0       0x10 /Applications/MCUXpressoIDE_25.6.136/ide/plugins/com.nxp.mcuxpresso.tools.macosx_25.6.0.202501151204/tools/bin/../lib/gcc/arm-none-eabi/14.2.1/../../../../arm-none-eabi/lib/thumb/v6-m/nofp/libcr_nohost_nf.a(_cr__main.o)
 .debug_ranges  0x00000db0       0x10 /Applications/MCUXpressoIDE_25.6.136/ide/plugins/com.nxp.mcuxpresso.tools.macosx_25.6.0.202501151204/tools/bin/../lib/gcc/arm-none-eabi/14.2.1/../../../../arm-none-eabi/lib/thumb/v6-m/nofp/libcr_c.a(memcpy.o)
 .debug_ranges  0x00000dc0       0x10 /Applications/MCUXpressoIDE_25.6.136/ide/plugins/com.nxp.mcuxpresso.tools.macosx_25.6.0.202501151204/tools/bin/../lib/gcc/arm-none-eabi/14.2.1/../../../../arm-none-eabi/lib/thumb/v6-m/nofp/libcr_c.a(memset.o)
 .debug_ranges  0x00000dd0       0x50 /Applications/MCUXpressoIDE_25.6.136/ide/plugins/com.nxp.mcuxpresso.tools.macosx_25.6.0.202501151204/tools/bin/../lib/gcc/arm-none-eabi/14.2.1/../../../../arm-none-eabi/lib/thumb/v6-m/nofp/libcr_c.a(alloc.o)
 .debug_ranges  0x00000e20       0x38 /Applications/MCUXpressoIDE_25.6.136/ide/plugins/com.nxp.mcuxpresso.tools.macosx_25.6.0.202501151204/tools/bin/../lib/gcc/arm-none-eabi/14.2.1/../../../../arm-none-eabi/lib/thumb/v6-m/nofp/libcr_c.a(initio.o)
 .debug_ranges  0x00000e58       0x10 /Applications/MCUXpressoIDE_25.6.136/ide/plugins/com.nxp.mcuxpresso.tools.macosx_25.6.0.202501151204/tools/bin/../lib/gcc/arm-none-eabi/14.2.1/../../../../arm-none-eabi/lib/thumb/v6-m/nofp/libcr_c.a(setvbuf.o)
 .debug_ranges  0x00000e68       0x28 /Applications/MCUXpressoIDE_25.6.136/ide/plugins/com.nxp.mcuxpresso.tools.macosx_25.6.0.202501151204/tools/bin/../lib/gcc/arm-none-eabi/14.2.1/../../../../arm-none-eabi/lib/thumb/v6-m/nofp/libcr_c.a(strlen.o)
 .debug_ranges  0x00000e90       0x48 /Applications/MCUXpressoIDE_25.6.136/ide/plugins/com.nxp.mcuxpresso.tools.macosx_25.6.0.202501151204/tools/bin/../lib/gcc/arm-none-eabi/14.2.1/../../../../arm-none-eabi/lib/thumb/v6-m/nofp/libcr_c.a(_deferredlazyseek.o)
 .debug_ranges  0x00000ed8       0x10 /Applications/MCUXpressoIDE_25.6.136/ide/plugins/com.nxp.mcuxpresso.tools.macosx_25.6.0.202501151204/tools/bin/../lib/gcc/arm-none-eabi/14.2.1/../../../../arm-none-eabi/lib/thumb/v6-m/nofp/libcr_c.a(_fdopen.o)
 .debug_ranges  0x00000ee8       0x10 /Applications/MCUXpressoIDE_25.6.136/ide/plugins/com.nxp.mcuxpresso.tools.macosx_25.6.0.202501151204/tools/bin/../lib/gcc/arm-none-eabi/14.2.1/../../../../arm-none-eabi/lib/thumb/v6-m/nofp/libcr_c.a(_fflush.o)
 .debug_ranges  0x00000ef8       0x10 /Applications/MCUXpressoIDE_25.6.136/ide/plugins/com.nxp.mcuxpresso.tools.macosx_25.6.0.202501151204/tools/bin/../lib/gcc/arm-none-eabi/14.2.1/../../../../arm-none-eabi/lib/thumb/v6-m/nofp/libcr_c.a(_writebuf.o)
 .debug_ranges  0x00000f08       0x10 /Applications/MCUXpressoIDE_25.6.136/ide/plugins/com.nxp.mcuxpresso.tools.macosx_25.6.0.202501151204/tools/bin/../lib/gcc/arm-none-eabi/14.2.1/../../../../arm-none-eabi/lib/thumb/v6-m/nofp/libcr_c.a(fclose.o)
 .debug_ranges  0x00000f18       0x28 /Applications/MCUXpressoIDE_25.6.136/ide/plugins/com.nxp.mcuxpresso.tools.macosx_25.6.0.202501151204/tools/bin/../lib/gcc/arm-none-eabi/14.2.1/../../../../arm-none-eabi/lib/thumb/v6-m/nofp/libcr_c.a(fflush.o)
 .debug_ranges  0x00000f40       0x10 /Applications/MCUXpressoIDE_25.6.136/ide/plugins/com.nxp.mcuxpresso.tools.macosx_25.6.0.202501151204/tools/bin/../lib/gcc/arm-none-eabi/14.2.1/../../../../arm-none-eabi/lib/thumb/v6-m/nofp/libcr_c.a(fseek.o)
 .debug_ranges  0x00000f50       0x10 /Applications/MCUXpressoIDE_25.6.136/ide/plugins/com.nxp.mcuxpresso.tools.macosx_25.6.0.202501151204/tools/bin/../lib/gcc/arm-none-eabi/14.2.1/../../../../arm-none-eabi/lib/thumb/v6-m/nofp/libcr_c.a(ftell.o)
 .debug_ranges  0x00000f60       0x18 /Applications/MCUXpressoIDE_25.6.136/ide/plugins/com.nxp.mcuxpresso.tools.macosx_25.6.0.202501151204/tools/bin/../lib/gcc/arm-none-eabi/14.2.1/../../../../arm-none-eabi/lib/thumb/v6-m/nofp/libcr_c.a(remove.o)
 .debug_ranges  0x00000f78       0x28 /Applications/MCUXpressoIDE_25.6.136/ide/plugins/com.nxp.mcuxpresso.tools.macosx_25.6.0.202501151204/tools/bin/../lib/gcc/arm-none-eabi/14.2.1/../../../../arm-none-eabi/lib/thumb/v6-m/nofp/libcr_c.a(_do_fflush.o)
 .debug_ranges  0x00000fa0       0x10 /Applications/MCUXpressoIDE_25.6.136/ide/plugins/com.nxp.mcuxpresso.tools.macosx_25.6.0.202501151204/tools/bin/../lib/gcc/arm-none-eabi/14.2.1/../../../../arm-none-eabi/lib/thumb/v6-m/nofp/libcr_nohost_nf.a(__sys_close.o)
 .debug_ranges  0x00000fb0       0x10 /Applications/MCUXpressoIDE_25.6.136/ide/plugins/com.nxp.mcuxpresso.tools.macosx_25.6.0.202501151204/tools/bin/../lib/gcc/arm-none-eabi/14.2.1/../../../../arm-none-eabi/lib/thumb/v6-m/nofp/libcr_nohost_nf.a(__sys_flen.o)
 .debug_ranges  0x00000fc0       0x10 /Applications/MCUXpressoIDE_25.6.136/ide/plugins/com.nxp.mcuxpresso.tools.macosx_25.6.0.202501151204/tools/bin/../lib/gcc/arm-none-eabi/14.2.1/../../../../arm-none-eabi/lib/thumb/v6-m/nofp/libcr_nohost_nf.a(__sys_istty.o)
 .debug_ranges  0x00000fd0       0x10 /Applications/MCUXpressoIDE_25.6.136/ide/plugins/com.nxp.mcuxpresso.tools.macosx_25.6.0.202501151204/tools/bin/../lib/gcc/arm-none-eabi/14.2.1/../../../../arm-none-eabi/lib/thumb/v6-m/nofp/libcr_nohost_nf.a(__sys_remove.o)
 .debug_ranges  0x00000fe0       0x10 /Applications/MCUXpressoIDE_25.6.136/ide/plugins/com.nxp.mcuxpresso.tools.macosx_25.6.0.202501151204/tools/bin/../lib/gcc/arm-none-eabi/14.2.1/../../../../arm-none-eabi/lib/thumb/v6-m/nofp/libcr_nohost_nf.a(__sys_seek.o)
 .debug_ranges  0x00000ff0       0x10 /Applications/MCUXpressoIDE_25.6.136/ide/plugins/com.nxp.mcuxpresso.tools.macosx_25.6.0.202501151204/tools/bin/../lib/gcc/arm-none-eabi/14.2.1/../../../../arm-none-eabi/lib/thumb/v6-m/nofp/libcr_nohost_nf.a(__sys_tmpnam.o)

.debug_macro    0x00000000    0x114dd
 .debug_macro   0x00000000      0x2b4 ./utilities/str/fsl_str.o
 .debug_macro   0x000002b4      0xaf0 ./utilities/str/fsl_str.o
 .debug_macro   0x00000da4       0x10 ./utilities/str/fsl_str.o
 .debug_macro   0x00000db4       0xc4 ./utilities/str/fsl_str.o
 .debug_macro   0x00000e78       0x1c ./utilities/str/fsl_str.o
 .debug_macro   0x00000e94      0x12e ./utilities/str/fsl_str.o
 .debug_macro   0x00000fc2       0x28 ./utilities/str/fsl_str.o
 .debug_macro   0x00000fea      0x1c7 ./utilities/str/fsl_str.o
 .debug_macro   0x000011b1       0x16 ./utilities/str/fsl_str.o
 .debug_macro   0x000011c7       0x22 ./utilities/str/fsl_str.o
 .debug_macro   0x000011e9      0x5b3 ./utilities/str/fsl_str.o
 .debug_macro   0x0000179c       0x3e ./utilities/str/fsl_str.o
 .debug_macro   0x000017da       0x2e ./utilities/str/fsl_str.o
 .debug_macro   0x00001808       0x10 ./utilities/str/fsl_str.o
 .debug_macro   0x00001818       0x2e ./utilities/str/fsl_str.o
 .debug_macro   0x00001846       0xb4 ./utilities/str/fsl_str.o
 .debug_macro   0x000018fa       0x28 ./utilities/str/fsl_str.o
 .debug_macro   0x00001922      0x3bc ./utilities/str/fsl_str.o
 .debug_macro   0x00001cde       0x3a ./utilities/str/fsl_str.o
 .debug_macro   0x00001d18     0x124f ./utilities/str/fsl_str.o
 .debug_macro   0x00002f67      0x846 ./utilities/str/fsl_str.o
 .debug_macro   0x000037ad      0x3c1 ./utilities/str/fsl_str.o
 .debug_macro   0x00003b6e      0x1ed ./utilities/str/fsl_str.o
 .debug_macro   0x00003d5b      0x16e ./utilities/str/fsl_str.o
 .debug_macro   0x00003ec9      0x247 ./utilities/str/fsl_str.o
 .debug_macro   0x00004110       0x4e ./utilities/str/fsl_str.o
 .debug_macro   0x0000415e       0x88 ./utilities/str/fsl_str.o
 .debug_macro   0x000041e6      0x41b ./utilities/str/fsl_str.o
 .debug_macro   0x00004601      0x280 ./utilities/str/fsl_str.o
 .debug_macro   0x00004881       0x88 ./utilities/str/fsl_str.o
 .debug_macro   0x00004909      0x3bb ./utilities/str/fsl_str.o
 .debug_macro   0x00004cc4      0x691 ./utilities/str/fsl_str.o
 .debug_macro   0x00005355     0x31e6 ./utilities/str/fsl_str.o
 .debug_macro   0x0000853b      0x478 ./utilities/str/fsl_str.o
 .debug_macro   0x000089b3      0x105 ./utilities/str/fsl_str.o
 .debug_macro   0x00008ab8      0x631 ./utilities/str/fsl_str.o
 .debug_macro   0x000090e9      0x199 ./utilities/str/fsl_str.o
 .debug_macro   0x00009282      0x11b ./utilities/str/fsl_str.o
 .debug_macro   0x0000939d      0x2da ./utilities/str/fsl_str.o
 .debug_macro   0x00009677      0x20e ./utilities/str/fsl_str.o
 .debug_macro   0x00009885      0x1ed ./utilities/str/fsl_str.o
 .debug_macro   0x00009a72       0x86 ./utilities/str/fsl_str.o
 .debug_macro   0x00009af8       0xfe ./utilities/str/fsl_str.o
 .debug_macro   0x00009bf6      0x119 ./utilities/str/fsl_str.o
 .debug_macro   0x00009d0f      0x121 ./utilities/str/fsl_str.o
 .debug_macro   0x00009e30      0x1ed ./utilities/str/fsl_str.o
 .debug_macro   0x0000a01d       0x63 ./utilities/str/fsl_str.o
 .debug_macro   0x0000a080      0x112 ./utilities/str/fsl_str.o
 .debug_macro   0x0000a192      0x295 ./utilities/str/fsl_str.o
 .debug_macro   0x0000a427      0x6c4 ./utilities/str/fsl_str.o
 .debug_macro   0x0000aaeb       0xdb ./utilities/str/fsl_str.o
 .debug_macro   0x0000abc6      0x3a6 ./utilities/str/fsl_str.o
 .debug_macro   0x0000af6c      0x366 ./utilities/str/fsl_str.o
 .debug_macro   0x0000b2d2      0x703 ./utilities/str/fsl_str.o
 .debug_macro   0x0000b9d5      0x5d5 ./utilities/str/fsl_str.o
 .debug_macro   0x0000bfaa       0x9b ./utilities/str/fsl_str.o
 .debug_macro   0x0000c045       0x88 ./utilities/str/fsl_str.o
 .debug_macro   0x0000c0cd       0xce ./utilities/str/fsl_str.o
 .debug_macro   0x0000c19b       0xfb ./utilities/str/fsl_str.o
 .debug_macro   0x0000c296       0x16 ./utilities/str/fsl_str.o
 .debug_macro   0x0000c2ac      0x3d6 ./utilities/debug_console/fsl_debug_console.o
 .debug_macro   0x0000c682       0x16 ./utilities/debug_console/fsl_debug_console.o
 .debug_macro   0x0000c698       0x10 ./utilities/debug_console/fsl_debug_console.o
 .debug_macro   0x0000c6a8       0x3c ./utilities/debug_console/fsl_debug_console.o
 .debug_macro   0x0000c6e4       0x1c ./utilities/debug_console/fsl_debug_console.o
 .debug_macro   0x0000c700       0x70 ./utilities/debug_console/fsl_debug_console.o
 .debug_macro   0x0000c770       0x1c ./utilities/debug_console/fsl_debug_console.o
 .debug_macro   0x0000c78c      0x180 ./utilities/debug_console/fsl_debug_console.o