/Users/ethanlam/Documents/MCUXpressoIDE_25.6.136/workspace/Final_Project_CG2271/CMSIS/core_cm0plus.h:757:22:__NVIC_EnableIRQ	16	static
/Users/ethanlam/Documents/MCUXpressoIDE_25.6.136/workspace/Final_Project_CG2271/CMSIS/core_cm0plus.h:795:22:__NVIC_DisableIRQ	16	static
/Users/ethanlam/Documents/MCUXpressoIDE_25.6.136/workspace/Final_Project_CG2271/CMSIS/core_cm0plus.h:848:22:__NVIC_ClearPendingIRQ	16	static
/Users/ethanlam/Documents/MCUXpressoIDE_25.6.136/workspace/Final_Project_CG2271/CMSIS/core_cm0plus.h:866:22:__NVIC_SetPriority	24	static
../source/main.c:94:6:initLEDs	8	static
../source/main.c:110:6:offLED	16	static
../source/main.c:118:6:onLED	16	static
../source/main.c:126:6:offAllLEDs	8	static
../source/main.c:132:6:setRGB	24	static
../source/main.c:142:6:initADCInputs	8	static
../source/main.c:174:6:ADC0_IRQHandler	8	static
../source/main.c:181:10:readADCChannel	16	static
../source/main.c:191:6:readMicWindow	48	static
../source/main.c:212:6:initButtonIRQs	8	static
../source/main.c:251:6:PORTA_IRQHandler	16	static
../source/main.c:270:6:PORTC_PORTD_IRQHandler	16	static
../source/main.c:292:13:sensorTask	48	static
../source/main.c:319:13:buttonTask	16	static
../source/main.c:360:13:alertTask	40	static
../source/main.c:402:13:printTask	80	static
../source/main.c:447:5:main	16	static
../source/main.c:498:6:vApplicationMallocFailedHook	8	static
../source/main.c:507:6:vApplicationStackOverflowHook	16	static
