/Users/ethanlam/Documents/MCUXpressoIDE_25.6.136/workspace/Final_Project_CG2271/CMSIS/core_cm0plus.h:757:22:__NVIC_EnableIRQ	16	static
/Users/ethanlam/Documents/MCUXpressoIDE_25.6.136/workspace/Final_Project_CG2271/CMSIS/core_cm0plus.h:795:22:__NVIC_DisableIRQ	16	static
/Users/ethanlam/Documents/MCUXpressoIDE_25.6.136/workspace/Final_Project_CG2271/CMSIS/core_cm0plus.h:848:22:__NVIC_ClearPendingIRQ	16	static
/Users/ethanlam/Documents/MCUXpressoIDE_25.6.136/workspace/Final_Project_CG2271/CMSIS/core_cm0plus.h:866:22:__NVIC_SetPriority	24	static
../source/main.c:90:6:initLEDs	8	static
../source/main.c:106:6:offLED	16	static
../source/main.c:114:6:onLED	16	static
../source/main.c:122:6:offAllLEDs	8	static
../source/main.c:128:6:setRGB	24	static
../source/main.c:138:6:initADCInputs	8	static
../source/main.c:170:6:ADC0_IRQHandler	8	static
../source/main.c:177:10:readADCChannel	16	static
../source/main.c:187:6:readMicWindow	48	static
../source/main.c:208:6:initButtonIRQs	8	static
../source/main.c:247:6:PORTA_IRQHandler	16	static
../source/main.c:264:6:PORTC_PORTD_IRQHandler	16	static
../source/main.c:285:13:sensorTask	48	static
../source/main.c:312:13:buttonTask	16	static
../source/main.c:350:13:alertTask	40	static
../source/main.c:392:13:printTask	80	static
../source/main.c:437:5:main	16	static
